[baseline-browser-mapping] The data in this module is over two months old.  To ensure accurate Baseline data, please update: `npm i baseline-browser-mapping@latest -D`
[baseline-browser-mapping] The data in this module is over two months old.  To ensure accurate Baseline data, please update: `npm i baseline-browser-mapping@latest -D`
[baseline-browser-mapping] The data in this module is over two months old.  To ensure accurate Baseline data, please update: `npm i baseline-browser-mapping@latest -D`

##### b_sin_reglas_duras_ctx_vacio #####
fichero        | total | clasif | %      | conFam | interno | conMetodo | por paso
santander_pdf  |   255 |      0 |   0.0% |      0 |       0 |       253 | {"ninguno":255}
sabadell_xls   |   292 |      0 |   0.0% |      0 |       0 |       109 | {"ninguno":292}
unicaja_pdf    |   387 |      0 |   0.0% |      0 |       0 |        80 | {"ninguno":387}
unicaja_xls    |   144 |      0 |   0.0% |      0 |       0 |        27 | {"ninguno":144}
TOTAL          |  1078 |      0 |   0.0% |      0 |       0 |       469 | {"ninguno":1078}
-- sin clasificar · santander_pdf (255 líneas, 124 conceptos distintos):
    60× Traspaso:  [-930, -607.5, -765.04, -395, …]
    13× Transferencia Inmediata A Favor De Jose Antonio Gomez Ramirez Concepto  [-7500, -15000, -1000, -1500, …]
     9× Transferencia De Esteban Antonio Yanez Vallenilla, Concepto Pago De Ha  [200.16, 365, 365, 365, …]
     8× Transferencia Inmediata De Smartflip Developments Investments S.a., Co  [607.5, 607.5, 607.5, 607.5, …]
     6× Transferencia A Favor De Jose Antonio Gomez Ramirez Concepto: Enviado   [-2500, -2500, -2500, -2500, …]
     6× Transferencia Inmediata A Favor De Jose Antonio Gomez Ramirez  [-2200, -15000, -40, -40, …]
     6× Transferencia Inmediata De Vizcaino Escobar Gabriela Alejandra, Concep  [395, 395, 395, 395, …]
     5× Transferencia De Crismar De Jesus Yanez Vallenilla, Concepto Pago De A  [216.61, 395, 395, 395, …]
     5× Transferencia Inmediata De Jose Adrian Novo Soto, Concepto Alquiler  [182.5, 365, 365, 365, …]
     5× Transferencia Inmediata De Claudia Jimenez Perez, Concepto Pago Mes De  [380, 380, 380, 380, …]
     4× Transferencia Inmediata De Crismar De Jesus Yanez Vallenilla, Concepto  [395, 395, 395, 750.5]
     4× Transferencia De Oscar Lirola Casanova, Concepto Movimiento Ing.  [365, 547.5, 158.33, 365]
     3× Transferencia Inmediata De Gabriela Josefina Medina Garcia, Concepto A  [465, 465, 465]
     3× Transferencia Inmediata A Favor De Alisser Real Estate Sl Concepto Tra  [-365, -380, -385]
     3× Transferencia Inmediata De Danilo Humberto Arancibia Murillo, Concepto  [395, 395, 882.16]
     2× Transferencia A Favor De Jose Antonio Gomez Ramirez Concepto: Nomina  [-2500, -7500]
     2× Liquidacion Del Contrato 0014784 300  [-3.69, -0.37]
     2× Transferencia Inmediata A Favor De Bankinter Consumer Finance Concepto  [-9750, -15000]
     2× Transferencia De Gomez Ramirez Jose Antonio, .  [78500, 0.37]
     2× Transferencia Inmediata A Favor De José Antonio Gómez Ramírez Concepto  [-15000, -922.78]
     2× Recibo Paypal Europe S.a.r.l. Et Cie S.c.a Nº Recibo 0049 0052 755 Bbr  [-0.23, -49.99]
     1× Transferencia Inmediata De Parwez Adnan, Concepto Rent For September  [395]
     1× Transferencia Inmediata De Jordan O Sullivan, Concepto Sent From Revol  [930]
     1× Transferencia Inmediata De Parwez Adnan, Concepto Rent For Aug  [395]
     1× Transferencia Inmediata A Favor De Concepción Ramirez Guerrero Concept  [-5485.53]
     1× Transferencia A Favor De Banco Cetelem S.a. Concepto: 43508951n - Cont  [-3255.74]
     1× Transferencia Inmediata A Favor De Gonzalo Javier González Guedán Conc  [-1350]
     1× Transferencia De Alisser Real Estate, S.l., Concepto Renta Agosto 2026  [1350]
     1× Transferencia Inmediata De Parwez Adnan, Concepto Rent For July  [395]
     1× Transferencia De Alisser Real Estate, S.l., Concepto Renta Julio 2026   [1350]
     1× Transferencia De Alisser Real Estate, S.l., Concepto Suministros Calle  [64.16]
     1× Transferencia De Gabriela Josefina Medina Garcia, Concepto Alquiler Ju  [465]
     1× Transferencia Inmediata De Bambi Angela, Concepto Affitto Giugno - Alq  [237]
     1× Transferencia Inmediata De Parwez Adnan, Concepto Rent For June  [395]
     1× Transferencia De Alisser Real Estate, S.l., Concepto Renta Junio 2026   [1350]
     1× Transferencia Inmediata De Parwez Adnan, Concepto Rent For May  [395]
     1× Transferencia Inmediata De Bambi Angela, Concepto Affitto Maggio - Alq  [395]
     1× Transferencia De Alisser Real Estate, S.l., Concepto Renta Mayo 2026 C  [1350]
     1× Transferencia Inmediata De Bambi Angela, Concepto Affitto Aprile 2026-  [395]
     1× Transferencia De Alisser Real Estate, S.l., Concepto Renta Abril 2026   [1350]
     1× Transferencia De Alisser Real Estate, S.l., Concepto Fondo De Garantia  [1350]
     1× Compra Internet En Ajuntament De M, Manresa Es, Tarj. : *827754  [-1038.57]
     1× Transferencia Inmediata De Parwez Adnan, Concepto Rent For March+rent   [870]
     1× Transferencia Inmediata A Favor De Minoautos Multimarca Sl Concepto Pa  [-12240]
     1× Transferencia Inmediata A Favor De Belen Concepto Devolucion Fianza Fu  [-385]
     1× Transferencia Inmediata A Favor De Crismar Yanez Concepto Devolucionfi  [-395]
     1× Transferencia Inmediata A Favor De Esteban Concepto Devolucion Fianza   [-365]
     1× Transferencia Inmediata A Favor De Ovetus Abogados & Consultores Sl Co  [-430]
     1× Transferencia Inmediata A Favor De Carmen Alonso González Concepto Con  [-36.4]
     1× Transferencia Inmediata A Favor De Gestio I Administracio De Finques C  [-7260]
     1× Intereses, Comisiones Por Operaciones De Prestamos  [-25.33]
     1× Cancelacion Anticipada Prestamo 0004821 103  [-63980.04]
     1× Transferencia De Cristian Lopez Vineta Pl La Pau, 4 En, Referencia: 00  [64005.37]
     1× Transferencia De Cristian Lopez Vineta Pl La Pau, 4 En, 58797 Y 58891   [62901.31]
     1× Transferencia Inmediata De Gestion Y Ad. De Fincas Candaliga.canal S.l  [1000]
     1× Transferencia Inmediata De Jose Adrian Novo Soto, Concepto Alquiler 15  [547.5]
     1× Transferencia De Claudia Jimenez Perez, Concepto Pago Mes De Abril . C  [380]
     1× Transferencia De Gabriela Josefina Medina Garcia, Concepto Alquiler Ma  [465]
     1× Transferencia Inmediata De Bambi Angela, Concepto Affitto Marzo 2026 -  [395]
     1× Transferencia De Zambrano Bravo Belen, Concepto Mensualidad Marzo Belé  [385]
     1× Transferencia Inmediata De Harvin Camilo Duarte Gil, Concepto Mes De F  [365]
     1× Retirada De Efectivo En Cajero Automatico 004901950010 El A Las 13:18.  [-1000]
     1× Transferencia Inmediata De Cristian Lopez Vineta, Concepto Arras Piso   [5750]
     1× Transferencia Inmediata De Bambi Angela, Concepto Affitto Febbraio 202  [395]
     1× Transferencia De Zambrano Bravo Belen, Concepto Mensualidad Febrero Be  [385]
     1× Transferencia De Gabriela Josefina Medina Garcia, Concepto Alquiler Fe  [465]
     1× Transferencia De Bambi Angela, Concepto Affitto Gennaio 2026 - Alquile  [165.65]
     1× Transferencia Inmediata De Bambi Angela, Concepto Deposito Cauzionale   [395]
     1× Transferencia Inmediata De Harvin Camilo Duarte Gil, Concepto Pago De   [365]
     1× Transferencia De Zambrano Bravo Belen, Concepto Mensualidad Enero Belé  [385]
     1× Traspaso: Enviado Por Banco Santander  [-423]
     1× Transferencia Inmediata De Harvin Camilo Duarte Gil, Concepto Mes De D  [423]
     1× Transferencia De Gabriela Josefina Medina Garcia, Concepto Alquiler Di  [465]
     1× Transferencia De Zambrano Bravo Belen, Concepto Mensualidad Diciembre.  [385]
     1× Transferencia Inmediata De Lucia Garcia Cordoba, Concepto Arras Numero  [18000]
     1× Transferencia Inmediata De Jesus Jose Fernandez Lanza, Concepto Gabrie  [790]
     1× Transferencia De Zambrano Bravo Belen, Concepto Mensualidad Noviembre.  [385]
     1× Transferencia De Alisser Real Estate, S.l., Concepto Renta Noviembre 2  [1235.26]
     1× Transferencia De Zambrano Bravo Belen, Concepto Mensualidad Octubre Be  [385]
     1× Transferencia Inmediata A Favor De Jose Antonio Gomez Concepto Ahorros  [-1235.26]
     1× Transferencia De Alisser Real Estate, S.l., Concepto Renta Octubre 202  [1235.26]
     1× Transferencia Inmediata De Claudia Jimenez Perez, Concepto Claudia Jim  [608]
     1× Transferencia Inmediata De Jose Adrian Novo Soto, Concepto Septiembre   [365]
     1× Transferencia De Alisser Real Estate, S.l., Concepto Renta Septiembre   [1235.26]
     1× Transferencia Inmediata De Benito Fuentes Galan, Concepto Medio Mes Pi  [232.5]
     1× Transferencia De Zambrano Bravo Belen, Concepto Mensualidad Septiembre  [385]
     1× Transferencia Inmediata De Jose Adrian Novo Soto, Concepto Fianza Y Me  [565]
     1× Transferencia Inmediata De Benito Fuentes Galan, Concepto Piso Agosto  [465]
     1× Transferencia Inmediata De Vizcaino Escobar Gabriela Alejandra,  [395]
     1× Transferencia Inmediata De Fernandez Pumarol Javier, Concepto Alquiler  [285]
     1× Transferencia De Alisser Real Estate, S.l., Concepto Renta Agosto 2025  [1202.78]
     1× Transferencia De Oscar Lirola Casanova, Concepto Mes De Julio Alquiler  [365]
     1× Transferencia Inmediata De Fernandez Pumarol Javier, Concepto Reserva   [100]
     1× Transferencia Inmediata De Benito Fuentes Galan, Concepto Mes Julio  [465]
     1× Transferencia De Alisser Real Estate, S.l., Concepto Renta Julio 2025   [1202.78]
     1× Transferencia De Zambrano Bravo Belen, Concepto Depósito Belén Zambran  [385]
     1× Transferencia Inmediata De Benito Fuentes Galan, Concepto Fianza + 1.m  [930]
     1× Transferencia De Alisser Real Estate, S.l., Concepto Renta Junio 2025   [1202.78]
     1× Transferencia De Andres Gavira Blanco, Concepto Alquiler.  [395]
     1× Transferencia De Alisser Real Estate, S.l., Concepto Renta Mayo 2025 -  [1202.78]
     1× Transferencia De Andres Gavira Blanco, Concepto Alquiler Marzo.  [395]
     1× Transferencia Inmediata A Favor De José Antonio Gómez Ramírez  [-1000]
     1× Transferencia De Raul Esteban Peces, Concepto Alquiles Mes Hab. 1 Uso   [395]
     1× Transferencia De Oscar Lirola Casanova, Concepto Mitad Fianza Habitaci  [182]
     1× Transferencia De Oscar Lirola Casanova, Concepto Alquiler Abril Habita  [365]
     1× Transferencia De Alisser Real Estate, S.l., Concepto Renta Abril 2025   [1202.78]
     1× Transferencia Inmediata De Ignacio Fernandez Fernandez, Concepto Alqui  [395]
     1× Transferencia De Oscar Lirola Casanova, Concepto Alquiler Marzo Habita  [365]
     1× Transferencia De Raul Esteban Peces, Concepto Alquiler Mes Hab. 1 Uso   [395]
     1× Transferencia De Francisco Javier Lopez Carbonell, Concepto Marzo, Ten  [395]
     1× Transferencia A Favor De Jose Antonio Gomez Ramirez Concepto: Nómina  [-1200]
     1× Transferencia De Alisser Real Estate, S.l., Concepto Pago Marzo Tender  [1202.78]
     1× Transferencia De Andres Gavira Blanco, Concepto Alquiler Febrero.  [395]
     1× Transferencia De Francisco Javier Lopez Carbonell, Concepto Tenderina   [395]
     1× Transferencia De Raul Esteban Peces, Concepto Fianza Alquiler Hab. 1 U  [395]
     1× Transferencia De Raul Esteban Peces, Concepto Alquiler Mes Hab. 1 Indi  [395]
     1× Transferencia De Alisser Real Estate, S.l., Concepto Febrero 2025.  [1202.78]
     1× Transferencia De Logan Crespo Vieru, Concepto Envio De Dinero - Imagin  [0.04]
     1× Transferencia De Andres Gavira Blanco, Concepto Alquiler Mes.  [318.55]
     1× Transferencia De Andres Gavira Blanco, Concepto Fianza Enero.  [395]
     1× Transferencia De Oscar Lirola Casanova, Concepto Alquiler Mes De Enero  [365]
     1× Transferencia De Tovazzi Marco, Concepto Alquiler Enero.  [395]
     1× Transferencia De Pernici Maria, Concepto Pago De Alquiler.  [465]
     1× Transferencia De Francisco Javier Lopez Carbonell, Concepto Enero Tend  [395]
-- sin clasificar · sabadell_xls (292 líneas, 40 conceptos distintos):
    69× ELECTRICIDAD WEKIWI SL  [-31.39, -15.78, -61.95, -51.98, …]
    40× GAS Visalia-Domestica Energia  [-66.9, -32.63, -46.56, -30.42, …]
    38× ELECTRICIDAD IBERDROLA COMERCIALIZACION DE U IBERDROLA GAS 105  [-48, -38, -38, -48, …]
    20× REMUN. MES CTA ONLINE SABADELL  [1.03, 0.93, 1.29, 0.83, …]
    20× ELECTRICIDAD IBERDROLA COMERCIALIZACION DE U IBERDROLA GAS 104  [-45.88, -108, -108, -108, …]
    14× PRESTAMOS ADEUDO CUOTA N.8078716546  [-304.26, -304.26, -304.26, -304.26, …]
    11× PRESTAMOS ADEUDO CUOTA N.8078782349  [-204.91, -204.91, -204.91, -204.91, …]
     7× ABONO POR DOMICILIACIÓN DE RECIBOS  [25.64, 35.51, 28.5, 31.53, …]
     6× ABONO TRANSFERENCIA DE GOMEZ RAMIREZ JOSE ANTONIO  [500, 300, 1000, 3000, …]
     6× NOMINA GOMEZ RAMIREZ JOSE ANTONIO  [1000, 3000, 2000, 3000, …]
     5× TRANSFERENCIA A JOSE ANTONIO GOMEZ RAMIREZ  [-200, -300, -100, -210, …]
     5× ELECTRICIDAD GANA ENERGIA LUZ  [-3.62, -29.12, -27.93, -36.78, …]
     5× ADEUDO RECIBO PayPal Europe S.a.r.l. et Cie S.C.A  [-11.98, -22.15, -50.86, -12.75, …]
     4× GAS COMERCIALIZADORA REGULADA, GAS GAS POWER12297335  [-13.38, -20.06, -16.45, -115.19]
     4× NOMINA DE Gomez Ramirez Jose Antonio  [1500, 1500, 2500, 2680]
     4× ELECTRICIDAD GANA ENERGIA GAS  [-28.47, -73.65, -31.7, -140.43]
     3× TRANSFERENCIA A SMARTFLIP  [-15000, -15000, -15000]
     2× ABONO TRANSFERENCIA DE JOSE ANTONIO GOMEZ RAMIREZ  [400, 1000]
     2× ENVIO DE INSTANT MONEY  [-20, -100]
     2× TRANSFERENCIA CURENERG?A COMERCIALIZADOR ?LTIMO RECURS  [242.15, 9.62]
     2× INTERESES Y/O COMISIONES CUENTA  [231.2, -231.2]
     2× TRANSFERENCIA JOSE ANTONIO GOMEZ RAMIREZ  [15000, 15000]
     2× ABONO TRANSFERENCIA DE Gomez Ramirez Jose Antonio  [1500, 15000]
     2× TRANSFERENCIA A Jose Antonio Gomez Ramirez  [-2718, -1270]
     2× ADEUDO RECIBO WEKIWI SL  [-38.78, -35.19]
     1× GAS Domestica Gas y Electricidad S.L.U.  [-37.67]
     1× ABONO TRANSFERENCIA DE JOSE ANTONIO  [300]
     1× TRANSFERENCIA A CB Santa Catalina  [-1490]
     1× ABONO TRANSFERENCIA DE SMARTFLIP DEVELOPMENTS INVESTMENTS S  [15000]
     1× TRANSFERENCIA 212128856  [-15000]
     1× TRANSFERENCIA A Eloy Gomez Ramirez  [-500]
     1× TRANSFERENCIA A MOTORES Y RECTIFICADOS VALENCIA, S.L  [-3993]
     1× COMPRA TARJ. 5402XXXXXXXX7016 APPLE.COM/BILL-CORK  [-34.99]
     1× PRESTAMOS ADEUDO LIQUIDACIÓN INTERESES N.8078782349  [-34.98]
     1× TRANSFERENCIA A JOSÉ ANTONIO GÓMEZ RAMÍREZ  [-20000]
     1× PRESTAMOS ABONO DISPOSICIÓN N.8078782349  [16500]
     1× TRANSFERENCIA A Jos Antonio G mez Ram rez  [-80]
     1× TRANSFERENCIA A 4A Avenida Serviicios Inmobiliarios  [-2359.5]
     1× TRANSFERENCIA A Manuel Fernandez  [-15000]
     1× PRESTAMOS ABONO DISPOSICIÓN N.8078716546  [24500]
-- sin clasificar · unicaja_pdf (387 líneas, 70 conceptos distintos):
    56× Simyo 633782-822070552003  [-23.99, -23.99, -21.93, -23.99, …]
    49× GOMEZ RAMIREZ JOSE ANTONIO  [500, 1200, 750, 400, …]
    38× REC.MCARD MOD.ACUM.  [-25.95, -2.3, -32.05, -577.69, …]
    20× PRESTAMO 2103-4257-0500106068  [-454.66, -454.66, -454.66, -454.66, …]
    20× FCC AQUALI447497-874010012213  [-57.61, -43.19, -55.18, -42.56, …]
    14× ENTREGA CUENTA CRED. TARJ.  [-234.2, -300, -120, -100, …]
    14× CCPP CL TE0146B7-006300000900  [-139.86, -139.86, -148.18, -148.18, …]
    14× CCPP CL TE0146B7-006300001000  [-139.86, -139.86, -148.18, -148.18, …]
    14× CCPP CL TE0146B7-006300001100  [-176.44, -176.44, -176.44, -176.44, …]
    12× DIGI SPAIN400245-001056800700  [-55, -55, -55, -55, …]
    11× PRESTAMO 2103-7003-0500230959  [-407.49, -407.49, -407.49, -407.49, …]
    10× CP TENDERI016B9V-004300001200  [-80.26, -80.26, -80.26, -80.26, …]
     9× JOSE ANTONIO GOMEZ RAMIREZ  [200, 800, 200, 100, …]
     8× Gomez Ramirez Jose Antonio  [2500, 2500, 1500, 1500, …]
     6× DIGI SPAIN018TDH-001056800700  [-35.9, -33, -33, -33, …]
     4× CUOTA DICIEMBRE PLAN UNI SEGU  [-37.24, -21.97, -40.23, -23.73]
     4× CUOTA ENERO PLAN UNI SEGUR  [-37.24, -21.97, -40.23, -23.73]
     4× CDAD PROP 01B046-000278300002  [-38, -38, -38, -38]
     3× CUOTA FEBRERO PLAN UNI SEGUR  [-37.24, -21.97, -40.23]
     3× Ahorros Marzo  [-100, -100, -100]
     3× Ahorro más  [-30, -400, -70]
     3× CUOTA MARZO PLAN UNI SEGUR  [-37.24, -21.97, -40.23]
     3× CUOTA ABRIL PLAN UNI SEGUR  [-37.24, -21.97, -40.23]
     3× CUOTA MAYO PLAN UNI SEGUR  [-37.24, -21.97, -40.23]
     3× CUOTA JUNIO PLAN UNI SEGUR  [-37.24, -21.97, -40.23]
     3× CUOTA JULIO PLAN UNI SEGUR  [-37.24, -21.97, -40.29]
     3× CUOTA AGOSTO PLAN UNI SEGUR  [-40.23, -22.02, -44.1]
     2× AYUNTAMIEN591564-000000073937  [-165.85, -165.85]
     2× AYUNTAMIEN591564-000000073938  [-165.85, -165.85]
     2× AYUNTAMIEN591564-000000073939  [-74.36, -74.36]
     2× Jose Antonio Gomez Ramirez  [500, 365]
     2× Ahorros mensuales  [-300, -500]
     2× CUOTA SEPTIEMBRE PLAN UNI SEG  [-40.23, -23.73]
     2× CUOTA OCTUBRE PLAN UNI SEGUR  [-40.23, -23.73]
     2× CUOTA NOVIEMBRE PLAN UNI SEGU  [-40.23, -23.73]
     2× Ahorros Agosto  [-5000, -5000]
     2× Ahorros Septiembre  [-5000, -5000]
     1× Ahorro Enero  [-1000]
     1× CDAD TENDE282654-004300001200  [-80.26]
     1× CAJ. 18.29 C039089L301  [-560]
     1× FCC AQUALIA OVIEDO UTE  [1562.88]
     1× Ahorros y más  [-1200]
     1× Ahorros y  [-1000]
     1× Ahorro y mas  [-800]
     1× Ahorros y otros  [-500]
     1× Regularizaciones  [-600]
     1× Ahorros Junio  [-1000]
     1× AYUNTAMIEN591564-000000059013  [-181.94]
     1× Devolución fianza HAB2 ACV32  [-380]
     1× AYUNTAMIEN01886L-000000073938  [-105.58]
     1× AYUNTAMIEN01886L-000000073939  [-47.34]
     1× AYUNTAMIEN01886L-000000059013  [-115.83]
     1× AYUNTAMIEN01886L-000000073937  [-105.58]
     1× Reserva casa  [-518.75]
     1× Cancelación ATG 100 José Anton  [-121]
     1× Certificado energético  [-100]
     1× HONORARIOS INTERMEDIACION VTA  [-2117.5]
     1× SOBRANTE CAN PTMO  [403.11]
     1× UNICAJA TRAMITACIONES SA  [121]
     1× CASER CIA DE SEGUROS Y RE  [234.17]
     1× Regularización Tenderina 48  [-81.96]
     1× COBRO PLAN UNI SEGUR  [-53.45]
     1× COBRO PLAN UNI SEGURO  [-112.74]
     1× Ahorro programado  [-500]
     1× Planchas y  [-800]
     1× Ahorro Mayo  [-1000]
     1× FRANCISCO JAVIER RAMOS CALLES  [413.09]
     1× Devolución Fianza T64 4I H4  [-465]
     1× SUSCRIPCI abrdn SICAV I - JAPA  [-1065]
     1× Ahorro Agosto  [-3650]
-- sin clasificar · unicaja_xls (144 líneas, 36 conceptos distintos):
    24× Simyo 633782 822070552003  [-40.99, -33.99, -5, -40.99, …]
    17× GOMEZ RAMIREZ JOSE ANTONIO  [2500, 2500, 2500, 2500, …]
     9× REC.MCARD MOD.ACUM.  [-94.9, -183.95, -107, -30, …]
     8× FCC AQUALI447497 874010012213  [-68.71, -42.88, -62.95, -44.07, …]
     8× PRESTAMO 2103 4257 0500106068  [-454.66, -454.66, -454.66, -454.66, …]
     8× CCPP CL TE0146B7 006300001100  [-88.22, -88.22, -88.22, -88.22, …]
     8× CCPP CL TE0146B7 006300001000  [-74.09, -74.09, -74.09, -74.09, …]
     8× CCPP CL TE0146B7 006300000900  [-74.09, -74.09, -74.09, -74.09, …]
     8× ENTREGA CUENTA CRED. TARJ.  [-103.12, -460, -120, -180, …]
     6× DIGI SPAIN018TDH 001056800700  [-18.55, -25.27, -33, -33, …]
     5× Gomez Ramirez Jose Antonio  [7500, 1500, 1200, 1500, …]
     4× JOSE ANTONIO GOMEZ RAMIREZ  [20, 300, 500, 200]
     4× CDAD PROP 01B046 000278300002  [-38, -38, -38, -38]
     2× Ahorros Septiembre  [-5000, -5000]
     2× Ahorros Agosto  [-5000, -5000]
     2× CUOTA ENERO PLAN UNI SEGUR  [-23.73, -40.23]
     2× CUOTA DICIEMBRE PLAN UNI SEGU  [-23.73, -40.23]
     1× CUOTA AGOSTO PLAN UNI SEGUR  [-44.1]
     1× Ahorro Agosto  [-3650]
     1× SUSCRIPCI abrdn SICAV I JAPA  [-1065]
     1× CUOTA JULIO PLAN UNI SEGUR  [-40.29]
     1× Devolución Fianza T64 4I H4  [-465]
     1× CUOTA JUNIO PLAN UNI SEGUR  [-40.23]
     1× FRANCISCO JAVIER RAMOS CALLES  [413.09]
     1× AYUNTAMIEN591564 000000073939  [-74.36]
     1× AYUNTAMIEN591564 000000073938  [-165.85]
     1× AYUNTAMIEN591564 000000073937  [-165.85]
     1× CUOTA MAYO PLAN UNI SEGUR  [-40.23]
     1× Ahorro Mayo  [-1000]
     1× Planchas y  [-800]
     1× Ahorro programado  [-500]
     1× CUOTA ABRIL PLAN UNI SEGUR  [-40.23]
     1× CUOTA MARZO PLAN UNI SEGUR  [-40.23]
     1× COBRO PLAN UNI SEGURO  [-112.74]
     1× CUOTA FEBRERO PLAN UNI SEGUR  [-40.23]
     1× COBRO PLAN UNI SEGUR  [-53.45]
(node:2995) [DEP0040] DeprecationWarning: The `punycode` module is deprecated. Please use a userland alternative instead.
(Use `node --trace-deprecation ...` to show where the warning was created)
PASS src/__scratch_audit__/q2.sin.test.ts

##### b2_sin_reglas_duras_ctx_titular #####
fichero        | total | clasif | %      | conFam | interno | conMetodo | por paso
santander_pdf  |   255 |      0 |   0.0% |      0 |       0 |       253 | {"ninguno":255}
sabadell_xls   |   292 |      0 |   0.0% |      0 |       0 |       109 | {"ninguno":292}
unicaja_pdf    |   387 |      0 |   0.0% |      0 |       0 |        80 | {"ninguno":387}
unicaja_xls    |   144 |      0 |   0.0% |      0 |       0 |        27 | {"ninguno":144}
TOTAL          |  1078 |      0 |   0.0% |      0 |       0 |       469 | {"ninguno":1078}
-- sin clasificar · santander_pdf (255 líneas, 124 conceptos distintos):
    60× Traspaso:  [-930, -607.5, -765.04, -395, …]
    13× Transferencia Inmediata A Favor De Jose Antonio Gomez Ramirez Concepto  [-7500, -15000, -1000, -1500, …]
     9× Transferencia De Esteban Antonio Yanez Vallenilla, Concepto Pago De Ha  [200.16, 365, 365, 365, …]
     8× Transferencia Inmediata De Smartflip Developments Investments S.a., Co  [607.5, 607.5, 607.5, 607.5, …]
     6× Transferencia A Favor De Jose Antonio Gomez Ramirez Concepto: Enviado   [-2500, -2500, -2500, -2500, …]
     6× Transferencia Inmediata A Favor De Jose Antonio Gomez Ramirez  [-2200, -15000, -40, -40, …]
     6× Transferencia Inmediata De Vizcaino Escobar Gabriela Alejandra, Concep  [395, 395, 395, 395, …]
     5× Transferencia De Crismar De Jesus Yanez Vallenilla, Concepto Pago De A  [216.61, 395, 395, 395, …]
     5× Transferencia Inmediata De Jose Adrian Novo Soto, Concepto Alquiler  [182.5, 365, 365, 365, …]
     5× Transferencia Inmediata De Claudia Jimenez Perez, Concepto Pago Mes De  [380, 380, 380, 380, …]
     4× Transferencia Inmediata De Crismar De Jesus Yanez Vallenilla, Concepto  [395, 395, 395, 750.5]
     4× Transferencia De Oscar Lirola Casanova, Concepto Movimiento Ing.  [365, 547.5, 158.33, 365]
     3× Transferencia Inmediata De Gabriela Josefina Medina Garcia, Concepto A  [465, 465, 465]
     3× Transferencia Inmediata A Favor De Alisser Real Estate Sl Concepto Tra  [-365, -380, -385]
     3× Transferencia Inmediata De Danilo Humberto Arancibia Murillo, Concepto  [395, 395, 882.16]
     2× Transferencia A Favor De Jose Antonio Gomez Ramirez Concepto: Nomina  [-2500, -7500]
     2× Liquidacion Del Contrato 0014784 300  [-3.69, -0.37]
     2× Transferencia Inmediata A Favor De Bankinter Consumer Finance Concepto  [-9750, -15000]
     2× Transferencia De Gomez Ramirez Jose Antonio, .  [78500, 0.37]
     2× Transferencia Inmediata A Favor De José Antonio Gómez Ramírez Concepto  [-15000, -922.78]
     2× Recibo Paypal Europe S.a.r.l. Et Cie S.c.a Nº Recibo 0049 0052 755 Bbr  [-0.23, -49.99]
     1× Transferencia Inmediata De Parwez Adnan, Concepto Rent For September  [395]
     1× Transferencia Inmediata De Jordan O Sullivan, Concepto Sent From Revol  [930]
     1× Transferencia Inmediata De Parwez Adnan, Concepto Rent For Aug  [395]
     1× Transferencia Inmediata A Favor De Concepción Ramirez Guerrero Concept  [-5485.53]
     1× Transferencia A Favor De Banco Cetelem S.a. Concepto: 43508951n - Cont  [-3255.74]
     1× Transferencia Inmediata A Favor De Gonzalo Javier González Guedán Conc  [-1350]
     1× Transferencia De Alisser Real Estate, S.l., Concepto Renta Agosto 2026  [1350]
     1× Transferencia Inmediata De Parwez Adnan, Concepto Rent For July  [395]
     1× Transferencia De Alisser Real Estate, S.l., Concepto Renta Julio 2026   [1350]
     1× Transferencia De Alisser Real Estate, S.l., Concepto Suministros Calle  [64.16]
     1× Transferencia De Gabriela Josefina Medina Garcia, Concepto Alquiler Ju  [465]
     1× Transferencia Inmediata De Bambi Angela, Concepto Affitto Giugno - Alq  [237]
     1× Transferencia Inmediata De Parwez Adnan, Concepto Rent For June  [395]
     1× Transferencia De Alisser Real Estate, S.l., Concepto Renta Junio 2026   [1350]
     1× Transferencia Inmediata De Parwez Adnan, Concepto Rent For May  [395]
     1× Transferencia Inmediata De Bambi Angela, Concepto Affitto Maggio - Alq  [395]
     1× Transferencia De Alisser Real Estate, S.l., Concepto Renta Mayo 2026 C  [1350]
     1× Transferencia Inmediata De Bambi Angela, Concepto Affitto Aprile 2026-  [395]
     1× Transferencia De Alisser Real Estate, S.l., Concepto Renta Abril 2026   [1350]
     1× Transferencia De Alisser Real Estate, S.l., Concepto Fondo De Garantia  [1350]
     1× Compra Internet En Ajuntament De M, Manresa Es, Tarj. : *827754  [-1038.57]
     1× Transferencia Inmediata De Parwez Adnan, Concepto Rent For March+rent   [870]
     1× Transferencia Inmediata A Favor De Minoautos Multimarca Sl Concepto Pa  [-12240]
     1× Transferencia Inmediata A Favor De Belen Concepto Devolucion Fianza Fu  [-385]
     1× Transferencia Inmediata A Favor De Crismar Yanez Concepto Devolucionfi  [-395]
     1× Transferencia Inmediata A Favor De Esteban Concepto Devolucion Fianza   [-365]
     1× Transferencia Inmediata A Favor De Ovetus Abogados & Consultores Sl Co  [-430]
     1× Transferencia Inmediata A Favor De Carmen Alonso González Concepto Con  [-36.4]
     1× Transferencia Inmediata A Favor De Gestio I Administracio De Finques C  [-7260]
     1× Intereses, Comisiones Por Operaciones De Prestamos  [-25.33]
     1× Cancelacion Anticipada Prestamo 0004821 103  [-63980.04]
     1× Transferencia De Cristian Lopez Vineta Pl La Pau, 4 En, Referencia: 00  [64005.37]
     1× Transferencia De Cristian Lopez Vineta Pl La Pau, 4 En, 58797 Y 58891   [62901.31]
     1× Transferencia Inmediata De Gestion Y Ad. De Fincas Candaliga.canal S.l  [1000]
     1× Transferencia Inmediata De Jose Adrian Novo Soto, Concepto Alquiler 15  [547.5]
     1× Transferencia De Claudia Jimenez Perez, Concepto Pago Mes De Abril . C  [380]
     1× Transferencia De Gabriela Josefina Medina Garcia, Concepto Alquiler Ma  [465]
     1× Transferencia Inmediata De Bambi Angela, Concepto Affitto Marzo 2026 -  [395]
     1× Transferencia De Zambrano Bravo Belen, Concepto Mensualidad Marzo Belé  [385]
     1× Transferencia Inmediata De Harvin Camilo Duarte Gil, Concepto Mes De F  [365]
     1× Retirada De Efectivo En Cajero Automatico 004901950010 El A Las 13:18.  [-1000]
     1× Transferencia Inmediata De Cristian Lopez Vineta, Concepto Arras Piso   [5750]
     1× Transferencia Inmediata De Bambi Angela, Concepto Affitto Febbraio 202  [395]
     1× Transferencia De Zambrano Bravo Belen, Concepto Mensualidad Febrero Be  [385]
     1× Transferencia De Gabriela Josefina Medina Garcia, Concepto Alquiler Fe  [465]
     1× Transferencia De Bambi Angela, Concepto Affitto Gennaio 2026 - Alquile  [165.65]
     1× Transferencia Inmediata De Bambi Angela, Concepto Deposito Cauzionale   [395]
     1× Transferencia Inmediata De Harvin Camilo Duarte Gil, Concepto Pago De   [365]
     1× Transferencia De Zambrano Bravo Belen, Concepto Mensualidad Enero Belé  [385]
     1× Traspaso: Enviado Por Banco Santander  [-423]
     1× Transferencia Inmediata De Harvin Camilo Duarte Gil, Concepto Mes De D  [423]
     1× Transferencia De Gabriela Josefina Medina Garcia, Concepto Alquiler Di  [465]
     1× Transferencia De Zambrano Bravo Belen, Concepto Mensualidad Diciembre.  [385]
     1× Transferencia Inmediata De Lucia Garcia Cordoba, Concepto Arras Numero  [18000]
     1× Transferencia Inmediata De Jesus Jose Fernandez Lanza, Concepto Gabrie  [790]
     1× Transferencia De Zambrano Bravo Belen, Concepto Mensualidad Noviembre.  [385]
     1× Transferencia De Alisser Real Estate, S.l., Concepto Renta Noviembre 2  [1235.26]
     1× Transferencia De Zambrano Bravo Belen, Concepto Mensualidad Octubre Be  [385]
     1× Transferencia Inmediata A Favor De Jose Antonio Gomez Concepto Ahorros  [-1235.26]
     1× Transferencia De Alisser Real Estate, S.l., Concepto Renta Octubre 202  [1235.26]
     1× Transferencia Inmediata De Claudia Jimenez Perez, Concepto Claudia Jim  [608]
     1× Transferencia Inmediata De Jose Adrian Novo Soto, Concepto Septiembre   [365]
     1× Transferencia De Alisser Real Estate, S.l., Concepto Renta Septiembre   [1235.26]
     1× Transferencia Inmediata De Benito Fuentes Galan, Concepto Medio Mes Pi  [232.5]
     1× Transferencia De Zambrano Bravo Belen, Concepto Mensualidad Septiembre  [385]
     1× Transferencia Inmediata De Jose Adrian Novo Soto, Concepto Fianza Y Me  [565]
     1× Transferencia Inmediata De Benito Fuentes Galan, Concepto Piso Agosto  [465]
     1× Transferencia Inmediata De Vizcaino Escobar Gabriela Alejandra,  [395]
     1× Transferencia Inmediata De Fernandez Pumarol Javier, Concepto Alquiler  [285]
     1× Transferencia De Alisser Real Estate, S.l., Concepto Renta Agosto 2025  [1202.78]
     1× Transferencia De Oscar Lirola Casanova, Concepto Mes De Julio Alquiler  [365]
     1× Transferencia Inmediata De Fernandez Pumarol Javier, Concepto Reserva   [100]
     1× Transferencia Inmediata De Benito Fuentes Galan, Concepto Mes Julio  [465]
     1× Transferencia De Alisser Real Estate, S.l., Concepto Renta Julio 2025   [1202.78]
     1× Transferencia De Zambrano Bravo Belen, Concepto Depósito Belén Zambran  [385]
     1× Transferencia Inmediata De Benito Fuentes Galan, Concepto Fianza + 1.m  [930]
     1× Transferencia De Alisser Real Estate, S.l., Concepto Renta Junio 2025   [1202.78]
     1× Transferencia De Andres Gavira Blanco, Concepto Alquiler.  [395]
     1× Transferencia De Alisser Real Estate, S.l., Concepto Renta Mayo 2025 -  [1202.78]
     1× Transferencia De Andres Gavira Blanco, Concepto Alquiler Marzo.  [395]
     1× Transferencia Inmediata A Favor De José Antonio Gómez Ramírez  [-1000]
     1× Transferencia De Raul Esteban Peces, Concepto Alquiles Mes Hab. 1 Uso   [395]
     1× Transferencia De Oscar Lirola Casanova, Concepto Mitad Fianza Habitaci  [182]
     1× Transferencia De Oscar Lirola Casanova, Concepto Alquiler Abril Habita  [365]
     1× Transferencia De Alisser Real Estate, S.l., Concepto Renta Abril 2025   [1202.78]
     1× Transferencia Inmediata De Ignacio Fernandez Fernandez, Concepto Alqui  [395]
     1× Transferencia De Oscar Lirola Casanova, Concepto Alquiler Marzo Habita  [365]
     1× Transferencia De Raul Esteban Peces, Concepto Alquiler Mes Hab. 1 Uso   [395]
     1× Transferencia De Francisco Javier Lopez Carbonell, Concepto Marzo, Ten  [395]
     1× Transferencia A Favor De Jose Antonio Gomez Ramirez Concepto: Nómina  [-1200]
     1× Transferencia De Alisser Real Estate, S.l., Concepto Pago Marzo Tender  [1202.78]
     1× Transferencia De Andres Gavira Blanco, Concepto Alquiler Febrero.  [395]
     1× Transferencia De Francisco Javier Lopez Carbonell, Concepto Tenderina   [395]
     1× Transferencia De Raul Esteban Peces, Concepto Fianza Alquiler Hab. 1 U  [395]
     1× Transferencia De Raul Esteban Peces, Concepto Alquiler Mes Hab. 1 Indi  [395]
     1× Transferencia De Alisser Real Estate, S.l., Concepto Febrero 2025.  [1202.78]
     1× Transferencia De Logan Crespo Vieru, Concepto Envio De Dinero - Imagin  [0.04]
     1× Transferencia De Andres Gavira Blanco, Concepto Alquiler Mes.  [318.55]
     1× Transferencia De Andres Gavira Blanco, Concepto Fianza Enero.  [395]
     1× Transferencia De Oscar Lirola Casanova, Concepto Alquiler Mes De Enero  [365]
     1× Transferencia De Tovazzi Marco, Concepto Alquiler Enero.  [395]
     1× Transferencia De Pernici Maria, Concepto Pago De Alquiler.  [465]
     1× Transferencia De Francisco Javier Lopez Carbonell, Concepto Enero Tend  [395]
-- sin clasificar · sabadell_xls (292 líneas, 40 conceptos distintos):
    69× ELECTRICIDAD WEKIWI SL  [-31.39, -15.78, -61.95, -51.98, …]
    40× GAS Visalia-Domestica Energia  [-66.9, -32.63, -46.56, -30.42, …]
    38× ELECTRICIDAD IBERDROLA COMERCIALIZACION DE U IBERDROLA GAS 105  [-48, -38, -38, -48, …]
    20× REMUN. MES CTA ONLINE SABADELL  [1.03, 0.93, 1.29, 0.83, …]
    20× ELECTRICIDAD IBERDROLA COMERCIALIZACION DE U IBERDROLA GAS 104  [-45.88, -108, -108, -108, …]
    14× PRESTAMOS ADEUDO CUOTA N.8078716546  [-304.26, -304.26, -304.26, -304.26, …]
    11× PRESTAMOS ADEUDO CUOTA N.8078782349  [-204.91, -204.91, -204.91, -204.91, …]
     7× ABONO POR DOMICILIACIÓN DE RECIBOS  [25.64, 35.51, 28.5, 31.53, …]
     6× ABONO TRANSFERENCIA DE GOMEZ RAMIREZ JOSE ANTONIO  [500, 300, 1000, 3000, …]
     6× NOMINA GOMEZ RAMIREZ JOSE ANTONIO  [1000, 3000, 2000, 3000, …]
     5× TRANSFERENCIA A JOSE ANTONIO GOMEZ RAMIREZ  [-200, -300, -100, -210, …]
     5× ELECTRICIDAD GANA ENERGIA LUZ  [-3.62, -29.12, -27.93, -36.78, …]
     5× ADEUDO RECIBO PayPal Europe S.a.r.l. et Cie S.C.A  [-11.98, -22.15, -50.86, -12.75, …]
     4× GAS COMERCIALIZADORA REGULADA, GAS GAS POWER12297335  [-13.38, -20.06, -16.45, -115.19]
     4× NOMINA DE Gomez Ramirez Jose Antonio  [1500, 1500, 2500, 2680]
     4× ELECTRICIDAD GANA ENERGIA GAS  [-28.47, -73.65, -31.7, -140.43]
     3× TRANSFERENCIA A SMARTFLIP  [-15000, -15000, -15000]
     2× ABONO TRANSFERENCIA DE JOSE ANTONIO GOMEZ RAMIREZ  [400, 1000]
     2× ENVIO DE INSTANT MONEY  [-20, -100]
     2× TRANSFERENCIA CURENERG?A COMERCIALIZADOR ?LTIMO RECURS  [242.15, 9.62]
     2× INTERESES Y/O COMISIONES CUENTA  [231.2, -231.2]
     2× TRANSFERENCIA JOSE ANTONIO GOMEZ RAMIREZ  [15000, 15000]
     2× ABONO TRANSFERENCIA DE Gomez Ramirez Jose Antonio  [1500, 15000]
     2× TRANSFERENCIA A Jose Antonio Gomez Ramirez  [-2718, -1270]
     2× ADEUDO RECIBO WEKIWI SL  [-38.78, -35.19]
     1× GAS Domestica Gas y Electricidad S.L.U.  [-37.67]
     1× ABONO TRANSFERENCIA DE JOSE ANTONIO  [300]
     1× TRANSFERENCIA A CB Santa Catalina  [-1490]
     1× ABONO TRANSFERENCIA DE SMARTFLIP DEVELOPMENTS INVESTMENTS S  [15000]
     1× TRANSFERENCIA 212128856  [-15000]
     1× TRANSFERENCIA A Eloy Gomez Ramirez  [-500]
     1× TRANSFERENCIA A MOTORES Y RECTIFICADOS VALENCIA, S.L  [-3993]
     1× COMPRA TARJ. 5402XXXXXXXX7016 APPLE.COM/BILL-CORK  [-34.99]
     1× PRESTAMOS ADEUDO LIQUIDACIÓN INTERESES N.8078782349  [-34.98]
     1× TRANSFERENCIA A JOSÉ ANTONIO GÓMEZ RAMÍREZ  [-20000]
     1× PRESTAMOS ABONO DISPOSICIÓN N.8078782349  [16500]
     1× TRANSFERENCIA A Jos Antonio G mez Ram rez  [-80]
     1× TRANSFERENCIA A 4A Avenida Serviicios Inmobiliarios  [-2359.5]
     1× TRANSFERENCIA A Manuel Fernandez  [-15000]
     1× PRESTAMOS ABONO DISPOSICIÓN N.8078716546  [24500]
-- sin clasificar · unicaja_pdf (387 líneas, 70 conceptos distintos):
    56× Simyo 633782-822070552003  [-23.99, -23.99, -21.93, -23.99, …]
    49× GOMEZ RAMIREZ JOSE ANTONIO  [500, 1200, 750, 400, …]
    38× REC.MCARD MOD.ACUM.  [-25.95, -2.3, -32.05, -577.69, …]
    20× PRESTAMO 2103-4257-0500106068  [-454.66, -454.66, -454.66, -454.66, …]
    20× FCC AQUALI447497-874010012213  [-57.61, -43.19, -55.18, -42.56, …]
    14× ENTREGA CUENTA CRED. TARJ.  [-234.2, -300, -120, -100, …]
    14× CCPP CL TE0146B7-006300000900  [-139.86, -139.86, -148.18, -148.18, …]
    14× CCPP CL TE0146B7-006300001000  [-139.86, -139.86, -148.18, -148.18, …]
    14× CCPP CL TE0146B7-006300001100  [-176.44, -176.44, -176.44, -176.44, …]
    12× DIGI SPAIN400245-001056800700  [-55, -55, -55, -55, …]
    11× PRESTAMO 2103-7003-0500230959  [-407.49, -407.49, -407.49, -407.49, …]
    10× CP TENDERI016B9V-004300001200  [-80.26, -80.26, -80.26, -80.26, …]
     9× JOSE ANTONIO GOMEZ RAMIREZ  [200, 800, 200, 100, …]
     8× Gomez Ramirez Jose Antonio  [2500, 2500, 1500, 1500, …]
     6× DIGI SPAIN018TDH-001056800700  [-35.9, -33, -33, -33, …]
     4× CUOTA DICIEMBRE PLAN UNI SEGU  [-37.24, -21.97, -40.23, -23.73]
     4× CUOTA ENERO PLAN UNI SEGUR  [-37.24, -21.97, -40.23, -23.73]
     4× CDAD PROP 01B046-000278300002  [-38, -38, -38, -38]
     3× CUOTA FEBRERO PLAN UNI SEGUR  [-37.24, -21.97, -40.23]
     3× Ahorros Marzo  [-100, -100, -100]
     3× Ahorro más  [-30, -400, -70]
     3× CUOTA MARZO PLAN UNI SEGUR  [-37.24, -21.97, -40.23]
     3× CUOTA ABRIL PLAN UNI SEGUR  [-37.24, -21.97, -40.23]
     3× CUOTA MAYO PLAN UNI SEGUR  [-37.24, -21.97, -40.23]
     3× CUOTA JUNIO PLAN UNI SEGUR  [-37.24, -21.97, -40.23]
     3× CUOTA JULIO PLAN UNI SEGUR  [-37.24, -21.97, -40.29]
     3× CUOTA AGOSTO PLAN UNI SEGUR  [-40.23, -22.02, -44.1]
     2× AYUNTAMIEN591564-000000073937  [-165.85, -165.85]
     2× AYUNTAMIEN591564-000000073938  [-165.85, -165.85]
     2× AYUNTAMIEN591564-000000073939  [-74.36, -74.36]
     2× Jose Antonio Gomez Ramirez  [500, 365]
     2× Ahorros mensuales  [-300, -500]
     2× CUOTA SEPTIEMBRE PLAN UNI SEG  [-40.23, -23.73]
     2× CUOTA OCTUBRE PLAN UNI SEGUR  [-40.23, -23.73]
     2× CUOTA NOVIEMBRE PLAN UNI SEGU  [-40.23, -23.73]
     2× Ahorros Agosto  [-5000, -5000]
     2× Ahorros Septiembre  [-5000, -5000]
     1× Ahorro Enero  [-1000]
     1× CDAD TENDE282654-004300001200  [-80.26]
     1× CAJ. 18.29 C039089L301  [-560]
     1× FCC AQUALIA OVIEDO UTE  [1562.88]
     1× Ahorros y más  [-1200]
     1× Ahorros y  [-1000]
     1× Ahorro y mas  [-800]
     1× Ahorros y otros  [-500]
     1× Regularizaciones  [-600]
     1× Ahorros Junio  [-1000]
     1× AYUNTAMIEN591564-000000059013  [-181.94]
     1× Devolución fianza HAB2 ACV32  [-380]
     1× AYUNTAMIEN01886L-000000073938  [-105.58]
     1× AYUNTAMIEN01886L-000000073939  [-47.34]
     1× AYUNTAMIEN01886L-000000059013  [-115.83]
     1× AYUNTAMIEN01886L-000000073937  [-105.58]
     1× Reserva casa  [-518.75]
     1× Cancelación ATG 100 José Anton  [-121]
     1× Certificado energético  [-100]
     1× HONORARIOS INTERMEDIACION VTA  [-2117.5]
     1× SOBRANTE CAN PTMO  [403.11]
     1× UNICAJA TRAMITACIONES SA  [121]
     1× CASER CIA DE SEGUROS Y RE  [234.17]
     1× Regularización Tenderina 48  [-81.96]
     1× COBRO PLAN UNI SEGUR  [-53.45]
     1× COBRO PLAN UNI SEGURO  [-112.74]
     1× Ahorro programado  [-500]
     1× Planchas y  [-800]
     1× Ahorro Mayo  [-1000]
     1× FRANCISCO JAVIER RAMOS CALLES  [413.09]
     1× Devolución Fianza T64 4I H4  [-465]
     1× SUSCRIPCI abrdn SICAV I - JAPA  [-1065]
     1× Ahorro Agosto  [-3650]
-- sin clasificar · unicaja_xls (144 líneas, 36 conceptos distintos):
    24× Simyo 633782 822070552003  [-40.99, -33.99, -5, -40.99, …]
    17× GOMEZ RAMIREZ JOSE ANTONIO  [2500, 2500, 2500, 2500, …]
     9× REC.MCARD MOD.ACUM.  [-94.9, -183.95, -107, -30, …]
     8× FCC AQUALI447497 874010012213  [-68.71, -42.88, -62.95, -44.07, …]
     8× PRESTAMO 2103 4257 0500106068  [-454.66, -454.66, -454.66, -454.66, …]
     8× CCPP CL TE0146B7 006300001100  [-88.22, -88.22, -88.22, -88.22, …]
     8× CCPP CL TE0146B7 006300001000  [-74.09, -74.09, -74.09, -74.09, …]
     8× CCPP CL TE0146B7 006300000900  [-74.09, -74.09, -74.09, -74.09, …]
     8× ENTREGA CUENTA CRED. TARJ.  [-103.12, -460, -120, -180, …]
     6× DIGI SPAIN018TDH 001056800700  [-18.55, -25.27, -33, -33, …]
     5× Gomez Ramirez Jose Antonio  [7500, 1500, 1200, 1500, …]
     4× JOSE ANTONIO GOMEZ RAMIREZ  [20, 300, 500, 200]
     4× CDAD PROP 01B046 000278300002  [-38, -38, -38, -38]
     2× Ahorros Septiembre  [-5000, -5000]
     2× Ahorros Agosto  [-5000, -5000]
     2× CUOTA ENERO PLAN UNI SEGUR  [-23.73, -40.23]
     2× CUOTA DICIEMBRE PLAN UNI SEGU  [-23.73, -40.23]
     1× CUOTA AGOSTO PLAN UNI SEGUR  [-44.1]
     1× Ahorro Agosto  [-3650]
     1× SUSCRIPCI abrdn SICAV I JAPA  [-1065]
     1× CUOTA JULIO PLAN UNI SEGUR  [-40.29]
     1× Devolución Fianza T64 4I H4  [-465]
     1× CUOTA JUNIO PLAN UNI SEGUR  [-40.23]
     1× FRANCISCO JAVIER RAMOS CALLES  [413.09]
     1× AYUNTAMIEN591564 000000073939  [-74.36]
     1× AYUNTAMIEN591564 000000073938  [-165.85]
     1× AYUNTAMIEN591564 000000073937  [-165.85]
     1× CUOTA MAYO PLAN UNI SEGUR  [-40.23]
     1× Ahorro Mayo  [-1000]
     1× Planchas y  [-800]
     1× Ahorro programado  [-500]
     1× CUOTA ABRIL PLAN UNI SEGUR  [-40.23]
     1× CUOTA MARZO PLAN UNI SEGUR  [-40.23]
     1× COBRO PLAN UNI SEGURO  [-112.74]
     1× CUOTA FEBRERO PLAN UNI SEGUR  [-40.23]
     1× COBRO PLAN UNI SEGUR  [-53.45]

##### a_con_todo_ctx_vacio #####
fichero        | total | clasif | %      | conFam | interno | conMetodo | por paso
santander_pdf  |   255 |    103 |  40.4% |    103 |      27 |       253 | {"ninguno":152,"concepto":103}
sabadell_xls   |   292 |    244 |  83.6% |    244 |       2 |       109 | {"concepto":244,"ninguno":48}
unicaja_pdf    |   387 |    202 |  52.2% |    202 |      23 |       101 | {"ninguno":185,"concepto":202}
unicaja_xls    |   144 |     81 |  56.3% |     81 |       8 |        34 | {"concepto":81,"ninguno":63}
TOTAL          |  1078 |    630 |  58.4% |    630 |      60 |       497 | {"ninguno":448,"concepto":630}
-- sin clasificar · santander_pdf (152 líneas, 59 conceptos distintos):
    60× Traspaso:  [-930, -607.5, -765.04, -395, …]
     9× Transferencia De Esteban Antonio Yanez Vallenilla, Concepto Pago De Ha  [200.16, 365, 365, 365, …]
     6× Transferencia A Favor De Jose Antonio Gomez Ramirez Concepto: Enviado   [-2500, -2500, -2500, -2500, …]
     6× Transferencia Inmediata A Favor De Jose Antonio Gomez Ramirez  [-2200, -15000, -40, -40, …]
     5× Transferencia Inmediata A Favor De Jose Antonio Gomez Ramirez Concepto  [-7500, -1000, -1500, -2500, …]
     5× Transferencia Inmediata De Claudia Jimenez Perez, Concepto Pago Mes De  [380, 380, 380, 380, …]
     4× Transferencia De Oscar Lirola Casanova, Concepto Movimiento Ing.  [365, 547.5, 158.33, 365]
     2× Transferencia A Favor De Jose Antonio Gomez Ramirez Concepto: Nomina  [-2500, -7500]
     2× Liquidacion Del Contrato 0014784 300  [-3.69, -0.37]
     2× Transferencia De Gomez Ramirez Jose Antonio, .  [78500, 0.37]
     2× Transferencia Inmediata De Vizcaino Escobar Gabriela Alejandra, Concep  [395, 698]
     2× Recibo Paypal Europe S.a.r.l. Et Cie S.c.a Nº Recibo 0049 0052 755 Bbr  [-0.23, -49.99]
     1× Transferencia Inmediata De Parwez Adnan, Concepto Rent For September  [395]
     1× Transferencia Inmediata De Jordan O Sullivan, Concepto Sent From Revol  [930]
     1× Transferencia Inmediata De Parwez Adnan, Concepto Rent For Aug  [395]
     1× Transferencia Inmediata A Favor De Concepción Ramirez Guerrero Concept  [-5485.53]
     1× Transferencia A Favor De Banco Cetelem S.a. Concepto: 43508951n - Cont  [-3255.74]
     1× Transferencia Inmediata De Smartflip Developments Investments S.a., Co  [607.5]
     1× Transferencia Inmediata De Parwez Adnan, Concepto Rent For July  [395]
     1× Transferencia De Alisser Real Estate, S.l., Concepto Suministros Calle  [64.16]
     1× Transferencia Inmediata De Parwez Adnan, Concepto Rent For June  [395]
     1× Transferencia Inmediata De Parwez Adnan, Concepto Rent For May  [395]
     1× Transferencia De Alisser Real Estate, S.l., Concepto Fondo De Garantia  [1350]
     1× Compra Internet En Ajuntament De M, Manresa Es, Tarj. : *827754  [-1038.57]
     1× Transferencia Inmediata De Parwez Adnan, Concepto Rent For March+rent   [870]
     1× Transferencia Inmediata A Favor De Minoautos Multimarca Sl Concepto Pa  [-12240]
     1× Transferencia Inmediata A Favor De Crismar Yanez Concepto Devolucionfi  [-395]
     1× Transferencia Inmediata A Favor De Carmen Alonso González Concepto Con  [-36.4]
     1× Transferencia Inmediata A Favor De Gestio I Administracio De Finques C  [-7260]
     1× Transferencia De Cristian Lopez Vineta Pl La Pau, 4 En, Referencia: 00  [64005.37]
     1× Transferencia De Claudia Jimenez Perez, Concepto Pago Mes De Abril . C  [380]
     1× Transferencia De Zambrano Bravo Belen, Concepto Mensualidad Marzo Belé  [385]
     1× Transferencia Inmediata De Harvin Camilo Duarte Gil, Concepto Mes De F  [365]
     1× Transferencia Inmediata De Cristian Lopez Vineta, Concepto Arras Piso   [5750]
     1× Transferencia De Zambrano Bravo Belen, Concepto Mensualidad Febrero Be  [385]
     1× Transferencia De Zambrano Bravo Belen, Concepto Mensualidad Enero Belé  [385]
     1× Traspaso: Enviado Por Banco Santander  [-423]
     1× Transferencia Inmediata De Harvin Camilo Duarte Gil, Concepto Mes De D  [423]
     1× Transferencia De Zambrano Bravo Belen, Concepto Mensualidad Diciembre.  [385]
     1× Transferencia Inmediata De Lucia Garcia Cordoba, Concepto Arras Numero  [18000]
     1× Transferencia De Zambrano Bravo Belen, Concepto Mensualidad Noviembre.  [385]
     1× Transferencia De Zambrano Bravo Belen, Concepto Mensualidad Octubre Be  [385]
     1× Transferencia Inmediata De Jose Adrian Novo Soto, Concepto Septiembre   [365]
     1× Transferencia Inmediata De Benito Fuentes Galan, Concepto Medio Mes Pi  [232.5]
     1× Transferencia De Zambrano Bravo Belen, Concepto Mensualidad Septiembre  [385]
     1× Transferencia Inmediata De Benito Fuentes Galan, Concepto Piso Agosto  [465]
     1× Transferencia Inmediata De Vizcaino Escobar Gabriela Alejandra,  [395]
     1× Transferencia Inmediata De Fernandez Pumarol Javier, Concepto Reserva   [100]
     1× Transferencia Inmediata De Benito Fuentes Galan, Concepto Mes Julio  [465]
     1× Transferencia De Zambrano Bravo Belen, Concepto Depósito Belén Zambran  [385]
     1× Transferencia Inmediata A Favor De José Antonio Gómez Ramírez  [-1000]
     1× Transferencia De Raul Esteban Peces, Concepto Alquiles Mes Hab. 1 Uso   [395]
     1× Transferencia De Francisco Javier Lopez Carbonell, Concepto Marzo, Ten  [395]
     1× Transferencia A Favor De Jose Antonio Gomez Ramirez Concepto: Nómina  [-1200]
     1× Transferencia De Alisser Real Estate, S.l., Concepto Pago Marzo Tender  [1202.78]
     1× Transferencia De Francisco Javier Lopez Carbonell, Concepto Tenderina   [395]
     1× Transferencia De Alisser Real Estate, S.l., Concepto Febrero 2025.  [1202.78]
     1× Transferencia De Logan Crespo Vieru, Concepto Envio De Dinero - Imagin  [0.04]
     1× Transferencia De Francisco Javier Lopez Carbonell, Concepto Enero Tend  [395]
-- sin clasificar · sabadell_xls (48 líneas, 21 conceptos distintos):
     7× ABONO POR DOMICILIACIÓN DE RECIBOS  [25.64, 35.51, 28.5, 31.53, …]
     6× ABONO TRANSFERENCIA DE GOMEZ RAMIREZ JOSE ANTONIO  [500, 300, 1000, 3000, …]
     5× TRANSFERENCIA A JOSE ANTONIO GOMEZ RAMIREZ  [-200, -300, -100, -210, …]
     5× ADEUDO RECIBO PayPal Europe S.a.r.l. et Cie S.C.A  [-11.98, -22.15, -50.86, -12.75, …]
     3× TRANSFERENCIA A SMARTFLIP  [-15000, -15000, -15000]
     2× ABONO TRANSFERENCIA DE JOSE ANTONIO GOMEZ RAMIREZ  [400, 1000]
     2× ENVIO DE INSTANT MONEY  [-20, -100]
     2× TRANSFERENCIA JOSE ANTONIO GOMEZ RAMIREZ  [15000, 15000]
     2× ABONO TRANSFERENCIA DE Gomez Ramirez Jose Antonio  [1500, 15000]
     2× TRANSFERENCIA A Jose Antonio Gomez Ramirez  [-2718, -1270]
     2× ADEUDO RECIBO WEKIWI SL  [-38.78, -35.19]
     1× ABONO TRANSFERENCIA DE JOSE ANTONIO  [300]
     1× ABONO TRANSFERENCIA DE SMARTFLIP DEVELOPMENTS INVESTMENTS S  [15000]
     1× TRANSFERENCIA 212128856  [-15000]
     1× TRANSFERENCIA A Eloy Gomez Ramirez  [-500]
     1× TRANSFERENCIA A MOTORES Y RECTIFICADOS VALENCIA, S.L  [-3993]
     1× COMPRA TARJ. 5402XXXXXXXX7016 APPLE.COM/BILL-CORK  [-34.99]
     1× TRANSFERENCIA A JOSÉ ANTONIO GÓMEZ RAMÍREZ  [-20000]
     1× TRANSFERENCIA A Jos Antonio G mez Ram rez  [-80]
     1× TRANSFERENCIA A 4A Avenida Serviicios Inmobiliarios  [-2359.5]
     1× TRANSFERENCIA A Manuel Fernandez  [-15000]
-- sin clasificar · unicaja_pdf (185 líneas, 32 conceptos distintos):
    49× GOMEZ RAMIREZ JOSE ANTONIO  [500, 1200, 750, 400, …]
    38× REC.MCARD MOD.ACUM.  [-25.95, -2.3, -32.05, -577.69, …]
    20× FCC AQUALI447497-874010012213  [-57.61, -43.19, -55.18, -42.56, …]
    14× ENTREGA CUENTA CRED. TARJ.  [-234.2, -300, -120, -100, …]
    10× CP TENDERI016B9V-004300001200  [-80.26, -80.26, -80.26, -80.26, …]
     9× JOSE ANTONIO GOMEZ RAMIREZ  [200, 800, 200, 100, …]
     8× Gomez Ramirez Jose Antonio  [2500, 2500, 1500, 1500, …]
     4× CUOTA DICIEMBRE PLAN UNI SEGU  [-37.24, -21.97, -40.23, -23.73]
     4× CDAD PROP 01B046-000278300002  [-38, -38, -38, -38]
     2× AYUNTAMIEN591564-000000073937  [-165.85, -165.85]
     2× AYUNTAMIEN591564-000000073938  [-165.85, -165.85]
     2× AYUNTAMIEN591564-000000073939  [-74.36, -74.36]
     2× Jose Antonio Gomez Ramirez  [500, 365]
     2× CUOTA SEPTIEMBRE PLAN UNI SEG  [-40.23, -23.73]
     2× CUOTA NOVIEMBRE PLAN UNI SEGU  [-40.23, -23.73]
     1× CDAD TENDE282654-004300001200  [-80.26]
     1× CAJ. 18.29 C039089L301  [-560]
     1× Regularizaciones  [-600]
     1× AYUNTAMIEN591564-000000059013  [-181.94]
     1× AYUNTAMIEN01886L-000000073938  [-105.58]
     1× AYUNTAMIEN01886L-000000073939  [-47.34]
     1× AYUNTAMIEN01886L-000000059013  [-115.83]
     1× AYUNTAMIEN01886L-000000073937  [-105.58]
     1× Reserva casa  [-518.75]
     1× Cancelación ATG 100 José Anton  [-121]
     1× Certificado energético  [-100]
     1× SOBRANTE CAN PTMO  [403.11]
     1× UNICAJA TRAMITACIONES SA  [121]
     1× Regularización Tenderina 48  [-81.96]
     1× Planchas y  [-800]
     1× FRANCISCO JAVIER RAMOS CALLES  [413.09]
     1× SUSCRIPCI abrdn SICAV I - JAPA  [-1065]
-- sin clasificar · unicaja_xls (63 líneas, 14 conceptos distintos):
    17× GOMEZ RAMIREZ JOSE ANTONIO  [2500, 2500, 2500, 2500, …]
     9× REC.MCARD MOD.ACUM.  [-94.9, -183.95, -107, -30, …]
     8× FCC AQUALI447497 874010012213  [-68.71, -42.88, -62.95, -44.07, …]
     8× ENTREGA CUENTA CRED. TARJ.  [-103.12, -460, -120, -180, …]
     5× Gomez Ramirez Jose Antonio  [7500, 1500, 1200, 1500, …]
     4× JOSE ANTONIO GOMEZ RAMIREZ  [20, 300, 500, 200]
     4× CDAD PROP 01B046 000278300002  [-38, -38, -38, -38]
     2× CUOTA DICIEMBRE PLAN UNI SEGU  [-23.73, -40.23]
     1× SUSCRIPCI abrdn SICAV I JAPA  [-1065]
     1× FRANCISCO JAVIER RAMOS CALLES  [413.09]
     1× AYUNTAMIEN591564 000000073939  [-74.36]
     1× AYUNTAMIEN591564 000000073938  [-165.85]
     1× AYUNTAMIEN591564 000000073937  [-165.85]
     1× Planchas y  [-800]
(node:2993) [DEP0040] DeprecationWarning: The `punycode` module is deprecated. Please use a userland alternative instead.
(Use `node --trace-deprecation ...` to show where the warning was created)
d0_stores_vacios · contextoDelLote → cuentas=0 tarjetas=0 nombresTitular=[]

##### a2_con_todo_ctx_titular #####
fichero        | total | clasif | %      | conFam | interno | conMetodo | por paso
santander_pdf  |   255 |    106 |  41.6% |    106 |      30 |       253 | {"ninguno":149,"concepto":106}
sabadell_xls   |   292 |    244 |  83.6% |    244 |      12 |       109 | {"concepto":244,"ninguno":48}
unicaja_pdf    |   387 |    202 |  52.2% |    202 |      23 |       101 | {"ninguno":185,"concepto":202}
unicaja_xls    |   144 |     81 |  56.3% |     81 |       8 |        34 | {"concepto":81,"ninguno":63}
TOTAL          |  1078 |    633 |  58.7% |    633 |      73 |       497 | {"ninguno":445,"concepto":633}
-- sin clasificar · santander_pdf (149 líneas, 57 conceptos distintos):
    60× Traspaso:  [-930, -607.5, -765.04, -395, …]
     9× Transferencia De Esteban Antonio Yanez Vallenilla, Concepto Pago De Ha  [200.16, 365, 365, 365, …]
     6× Transferencia A Favor De Jose Antonio Gomez Ramirez Concepto: Enviado   [-2500, -2500, -2500, -2500, …]
     6× Transferencia Inmediata A Favor De Jose Antonio Gomez Ramirez  [-2200, -15000, -40, -40, …]
     5× Transferencia Inmediata A Favor De Jose Antonio Gomez Ramirez Concepto  [-7500, -1000, -1500, -2500, …]
     5× Transferencia Inmediata De Claudia Jimenez Perez, Concepto Pago Mes De  [380, 380, 380, 380, …]
     4× Transferencia De Oscar Lirola Casanova, Concepto Movimiento Ing.  [365, 547.5, 158.33, 365]
     2× Liquidacion Del Contrato 0014784 300  [-3.69, -0.37]
     2× Transferencia De Gomez Ramirez Jose Antonio, .  [78500, 0.37]
     2× Transferencia Inmediata De Vizcaino Escobar Gabriela Alejandra, Concep  [395, 698]
     2× Recibo Paypal Europe S.a.r.l. Et Cie S.c.a Nº Recibo 0049 0052 755 Bbr  [-0.23, -49.99]
     1× Transferencia Inmediata De Parwez Adnan, Concepto Rent For September  [395]
     1× Transferencia Inmediata De Jordan O Sullivan, Concepto Sent From Revol  [930]
     1× Transferencia Inmediata De Parwez Adnan, Concepto Rent For Aug  [395]
     1× Transferencia Inmediata A Favor De Concepción Ramirez Guerrero Concept  [-5485.53]
     1× Transferencia A Favor De Banco Cetelem S.a. Concepto: 43508951n - Cont  [-3255.74]
     1× Transferencia Inmediata De Smartflip Developments Investments S.a., Co  [607.5]
     1× Transferencia Inmediata De Parwez Adnan, Concepto Rent For July  [395]
     1× Transferencia De Alisser Real Estate, S.l., Concepto Suministros Calle  [64.16]
     1× Transferencia Inmediata De Parwez Adnan, Concepto Rent For June  [395]
     1× Transferencia Inmediata De Parwez Adnan, Concepto Rent For May  [395]
     1× Transferencia De Alisser Real Estate, S.l., Concepto Fondo De Garantia  [1350]
     1× Compra Internet En Ajuntament De M, Manresa Es, Tarj. : *827754  [-1038.57]
     1× Transferencia Inmediata De Parwez Adnan, Concepto Rent For March+rent   [870]
     1× Transferencia Inmediata A Favor De Minoautos Multimarca Sl Concepto Pa  [-12240]
     1× Transferencia Inmediata A Favor De Crismar Yanez Concepto Devolucionfi  [-395]
     1× Transferencia Inmediata A Favor De Carmen Alonso González Concepto Con  [-36.4]
     1× Transferencia Inmediata A Favor De Gestio I Administracio De Finques C  [-7260]
     1× Transferencia De Cristian Lopez Vineta Pl La Pau, 4 En, Referencia: 00  [64005.37]
     1× Transferencia De Claudia Jimenez Perez, Concepto Pago Mes De Abril . C  [380]
     1× Transferencia De Zambrano Bravo Belen, Concepto Mensualidad Marzo Belé  [385]
     1× Transferencia Inmediata De Harvin Camilo Duarte Gil, Concepto Mes De F  [365]
     1× Transferencia Inmediata De Cristian Lopez Vineta, Concepto Arras Piso   [5750]
     1× Transferencia De Zambrano Bravo Belen, Concepto Mensualidad Febrero Be  [385]
     1× Transferencia De Zambrano Bravo Belen, Concepto Mensualidad Enero Belé  [385]
     1× Traspaso: Enviado Por Banco Santander  [-423]
     1× Transferencia Inmediata De Harvin Camilo Duarte Gil, Concepto Mes De D  [423]
     1× Transferencia De Zambrano Bravo Belen, Concepto Mensualidad Diciembre.  [385]
     1× Transferencia Inmediata De Lucia Garcia Cordoba, Concepto Arras Numero  [18000]
     1× Transferencia De Zambrano Bravo Belen, Concepto Mensualidad Noviembre.  [385]
     1× Transferencia De Zambrano Bravo Belen, Concepto Mensualidad Octubre Be  [385]
     1× Transferencia Inmediata De Jose Adrian Novo Soto, Concepto Septiembre   [365]
     1× Transferencia Inmediata De Benito Fuentes Galan, Concepto Medio Mes Pi  [232.5]
     1× Transferencia De Zambrano Bravo Belen, Concepto Mensualidad Septiembre  [385]
     1× Transferencia Inmediata De Benito Fuentes Galan, Concepto Piso Agosto  [465]
     1× Transferencia Inmediata De Vizcaino Escobar Gabriela Alejandra,  [395]
     1× Transferencia Inmediata De Fernandez Pumarol Javier, Concepto Reserva   [100]
     1× Transferencia Inmediata De Benito Fuentes Galan, Concepto Mes Julio  [465]
     1× Transferencia De Zambrano Bravo Belen, Concepto Depósito Belén Zambran  [385]
     1× Transferencia Inmediata A Favor De José Antonio Gómez Ramírez  [-1000]
     1× Transferencia De Raul Esteban Peces, Concepto Alquiles Mes Hab. 1 Uso   [395]
     1× Transferencia De Francisco Javier Lopez Carbonell, Concepto Marzo, Ten  [395]
     1× Transferencia De Alisser Real Estate, S.l., Concepto Pago Marzo Tender  [1202.78]
     1× Transferencia De Francisco Javier Lopez Carbonell, Concepto Tenderina   [395]
     1× Transferencia De Alisser Real Estate, S.l., Concepto Febrero 2025.  [1202.78]
     1× Transferencia De Logan Crespo Vieru, Concepto Envio De Dinero - Imagin  [0.04]
     1× Transferencia De Francisco Javier Lopez Carbonell, Concepto Enero Tend  [395]
-- sin clasificar · sabadell_xls (48 líneas, 21 conceptos distintos):
     7× ABONO POR DOMICILIACIÓN DE RECIBOS  [25.64, 35.51, 28.5, 31.53, …]
     6× ABONO TRANSFERENCIA DE GOMEZ RAMIREZ JOSE ANTONIO  [500, 300, 1000, 3000, …]
     5× TRANSFERENCIA A JOSE ANTONIO GOMEZ RAMIREZ  [-200, -300, -100, -210, …]
     5× ADEUDO RECIBO PayPal Europe S.a.r.l. et Cie S.C.A  [-11.98, -22.15, -50.86, -12.75, …]
     3× TRANSFERENCIA A SMARTFLIP  [-15000, -15000, -15000]
     2× ABONO TRANSFERENCIA DE JOSE ANTONIO GOMEZ RAMIREZ  [400, 1000]
     2× ENVIO DE INSTANT MONEY  [-20, -100]
     2× TRANSFERENCIA JOSE ANTONIO GOMEZ RAMIREZ  [15000, 15000]
     2× ABONO TRANSFERENCIA DE Gomez Ramirez Jose Antonio  [1500, 15000]
     2× TRANSFERENCIA A Jose Antonio Gomez Ramirez  [-2718, -1270]
     2× ADEUDO RECIBO WEKIWI SL  [-38.78, -35.19]
     1× ABONO TRANSFERENCIA DE JOSE ANTONIO  [300]
     1× ABONO TRANSFERENCIA DE SMARTFLIP DEVELOPMENTS INVESTMENTS S  [15000]
     1× TRANSFERENCIA 212128856  [-15000]
     1× TRANSFERENCIA A Eloy Gomez Ramirez  [-500]
     1× TRANSFERENCIA A MOTORES Y RECTIFICADOS VALENCIA, S.L  [-3993]
     1× COMPRA TARJ. 5402XXXXXXXX7016 APPLE.COM/BILL-CORK  [-34.99]
     1× TRANSFERENCIA A JOSÉ ANTONIO GÓMEZ RAMÍREZ  [-20000]
     1× TRANSFERENCIA A Jos Antonio G mez Ram rez  [-80]
     1× TRANSFERENCIA A 4A Avenida Serviicios Inmobiliarios  [-2359.5]
     1× TRANSFERENCIA A Manuel Fernandez  [-15000]
-- sin clasificar · unicaja_pdf (185 líneas, 32 conceptos distintos):
    49× GOMEZ RAMIREZ JOSE ANTONIO  [500, 1200, 750, 400, …]
    38× REC.MCARD MOD.ACUM.  [-25.95, -2.3, -32.05, -577.69, …]
    20× FCC AQUALI447497-874010012213  [-57.61, -43.19, -55.18, -42.56, …]
    14× ENTREGA CUENTA CRED. TARJ.  [-234.2, -300, -120, -100, …]
    10× CP TENDERI016B9V-004300001200  [-80.26, -80.26, -80.26, -80.26, …]
     9× JOSE ANTONIO GOMEZ RAMIREZ  [200, 800, 200, 100, …]
     8× Gomez Ramirez Jose Antonio  [2500, 2500, 1500, 1500, …]
     4× CUOTA DICIEMBRE PLAN UNI SEGU  [-37.24, -21.97, -40.23, -23.73]
     4× CDAD PROP 01B046-000278300002  [-38, -38, -38, -38]
     2× AYUNTAMIEN591564-000000073937  [-165.85, -165.85]
     2× AYUNTAMIEN591564-000000073938  [-165.85, -165.85]
     2× AYUNTAMIEN591564-000000073939  [-74.36, -74.36]
     2× Jose Antonio Gomez Ramirez  [500, 365]
     2× CUOTA SEPTIEMBRE PLAN UNI SEG  [-40.23, -23.73]
     2× CUOTA NOVIEMBRE PLAN UNI SEGU  [-40.23, -23.73]
     1× CDAD TENDE282654-004300001200  [-80.26]
     1× CAJ. 18.29 C039089L301  [-560]
     1× Regularizaciones  [-600]
     1× AYUNTAMIEN591564-000000059013  [-181.94]
     1× AYUNTAMIEN01886L-000000073938  [-105.58]
     1× AYUNTAMIEN01886L-000000073939  [-47.34]
     1× AYUNTAMIEN01886L-000000059013  [-115.83]
     1× AYUNTAMIEN01886L-000000073937  [-105.58]
     1× Reserva casa  [-518.75]
     1× Cancelación ATG 100 José Anton  [-121]
     1× Certificado energético  [-100]
     1× SOBRANTE CAN PTMO  [403.11]
     1× UNICAJA TRAMITACIONES SA  [121]
     1× Regularización Tenderina 48  [-81.96]
     1× Planchas y  [-800]
     1× FRANCISCO JAVIER RAMOS CALLES  [413.09]
     1× SUSCRIPCI abrdn SICAV I - JAPA  [-1065]
-- sin clasificar · unicaja_xls (63 líneas, 14 conceptos distintos):
    17× GOMEZ RAMIREZ JOSE ANTONIO  [2500, 2500, 2500, 2500, …]
     9× REC.MCARD MOD.ACUM.  [-94.9, -183.95, -107, -30, …]
     8× FCC AQUALI447497 874010012213  [-68.71, -42.88, -62.95, -44.07, …]
     8× ENTREGA CUENTA CRED. TARJ.  [-103.12, -460, -120, -180, …]
     5× Gomez Ramirez Jose Antonio  [7500, 1500, 1200, 1500, …]
     4× JOSE ANTONIO GOMEZ RAMIREZ  [20, 300, 500, 200]
     4× CDAD PROP 01B046 000278300002  [-38, -38, -38, -38]
     2× CUOTA DICIEMBRE PLAN UNI SEGU  [-23.73, -40.23]
     1× SUSCRIPCI abrdn SICAV I JAPA  [-1065]
     1× FRANCISCO JAVIER RAMOS CALLES  [413.09]
     1× AYUNTAMIEN591564 000000073939  [-74.36]
     1× AYUNTAMIEN591564 000000073938  [-165.85]
     1× AYUNTAMIEN591564 000000073937  [-165.85]
     1× Planchas y  [-800]
d0_stores_vacios · líneas con sugerencia=1078 (por identidad=0) · origen reconocido=0 {}

##### d0_stores_vacios #####
fichero        | total | clasif | %      | conFam | interno | conMetodo | por paso
santander_pdf  |   255 |    103 |  40.4% |    103 |      27 |       253 | {"ninguno":152,"concepto":103}
sabadell_xls   |   292 |    244 |  83.6% |    244 |       2 |       109 | {"concepto":244,"ninguno":48}
unicaja_pdf    |   387 |    202 |  52.2% |    202 |      23 |       101 | {"ninguno":185,"concepto":202}
unicaja_xls    |   144 |     81 |  56.3% |     81 |       8 |        34 | {"concepto":81,"ninguno":63}
TOTAL          |  1078 |    630 |  58.4% |    630 |      60 |       497 | {"ninguno":448,"concepto":630}
-- sin clasificar · santander_pdf (152 líneas, 59 conceptos distintos):
    60× Traspaso:  [-930, -607.5, -765.04, -395, …]
     9× Transferencia De Esteban Antonio Yanez Vallenilla, Concepto Pago De Ha  [200.16, 365, 365, 365, …]
     6× Transferencia A Favor De Jose Antonio Gomez Ramirez Concepto: Enviado   [-2500, -2500, -2500, -2500, …]
     6× Transferencia Inmediata A Favor De Jose Antonio Gomez Ramirez  [-2200, -15000, -40, -40, …]
     5× Transferencia Inmediata A Favor De Jose Antonio Gomez Ramirez Concepto  [-7500, -1000, -1500, -2500, …]
     5× Transferencia Inmediata De Claudia Jimenez Perez, Concepto Pago Mes De  [380, 380, 380, 380, …]
     4× Transferencia De Oscar Lirola Casanova, Concepto Movimiento Ing.  [365, 547.5, 158.33, 365]
     2× Transferencia A Favor De Jose Antonio Gomez Ramirez Concepto: Nomina  [-2500, -7500]
     2× Liquidacion Del Contrato 0014784 300  [-3.69, -0.37]
     2× Transferencia De Gomez Ramirez Jose Antonio, .  [78500, 0.37]
     2× Transferencia Inmediata De Vizcaino Escobar Gabriela Alejandra, Concep  [395, 698]
     2× Recibo Paypal Europe S.a.r.l. Et Cie S.c.a Nº Recibo 0049 0052 755 Bbr  [-0.23, -49.99]
     1× Transferencia Inmediata De Parwez Adnan, Concepto Rent For September  [395]
     1× Transferencia Inmediata De Jordan O Sullivan, Concepto Sent From Revol  [930]
     1× Transferencia Inmediata De Parwez Adnan, Concepto Rent For Aug  [395]
     1× Transferencia Inmediata A Favor De Concepción Ramirez Guerrero Concept  [-5485.53]
     1× Transferencia A Favor De Banco Cetelem S.a. Concepto: 43508951n - Cont  [-3255.74]
     1× Transferencia Inmediata De Smartflip Developments Investments S.a., Co  [607.5]
     1× Transferencia Inmediata De Parwez Adnan, Concepto Rent For July  [395]
     1× Transferencia De Alisser Real Estate, S.l., Concepto Suministros Calle  [64.16]
     1× Transferencia Inmediata De Parwez Adnan, Concepto Rent For June  [395]
     1× Transferencia Inmediata De Parwez Adnan, Concepto Rent For May  [395]
     1× Transferencia De Alisser Real Estate, S.l., Concepto Fondo De Garantia  [1350]
     1× Compra Internet En Ajuntament De M, Manresa Es, Tarj. : *827754  [-1038.57]
     1× Transferencia Inmediata De Parwez Adnan, Concepto Rent For March+rent   [870]
     1× Transferencia Inmediata A Favor De Minoautos Multimarca Sl Concepto Pa  [-12240]
     1× Transferencia Inmediata A Favor De Crismar Yanez Concepto Devolucionfi  [-395]
     1× Transferencia Inmediata A Favor De Carmen Alonso González Concepto Con  [-36.4]
     1× Transferencia Inmediata A Favor De Gestio I Administracio De Finques C  [-7260]
     1× Transferencia De Cristian Lopez Vineta Pl La Pau, 4 En, Referencia: 00  [64005.37]
     1× Transferencia De Claudia Jimenez Perez, Concepto Pago Mes De Abril . C  [380]
     1× Transferencia De Zambrano Bravo Belen, Concepto Mensualidad Marzo Belé  [385]
     1× Transferencia Inmediata De Harvin Camilo Duarte Gil, Concepto Mes De F  [365]
     1× Transferencia Inmediata De Cristian Lopez Vineta, Concepto Arras Piso   [5750]
     1× Transferencia De Zambrano Bravo Belen, Concepto Mensualidad Febrero Be  [385]
     1× Transferencia De Zambrano Bravo Belen, Concepto Mensualidad Enero Belé  [385]
     1× Traspaso: Enviado Por Banco Santander  [-423]
     1× Transferencia Inmediata De Harvin Camilo Duarte Gil, Concepto Mes De D  [423]
     1× Transferencia De Zambrano Bravo Belen, Concepto Mensualidad Diciembre.  [385]
     1× Transferencia Inmediata De Lucia Garcia Cordoba, Concepto Arras Numero  [18000]
     1× Transferencia De Zambrano Bravo Belen, Concepto Mensualidad Noviembre.  [385]
     1× Transferencia De Zambrano Bravo Belen, Concepto Mensualidad Octubre Be  [385]
     1× Transferencia Inmediata De Jose Adrian Novo Soto, Concepto Septiembre   [365]
     1× Transferencia Inmediata De Benito Fuentes Galan, Concepto Medio Mes Pi  [232.5]
     1× Transferencia De Zambrano Bravo Belen, Concepto Mensualidad Septiembre  [385]
     1× Transferencia Inmediata De Benito Fuentes Galan, Concepto Piso Agosto  [465]
     1× Transferencia Inmediata De Vizcaino Escobar Gabriela Alejandra,  [395]
     1× Transferencia Inmediata De Fernandez Pumarol Javier, Concepto Reserva   [100]
     1× Transferencia Inmediata De Benito Fuentes Galan, Concepto Mes Julio  [465]
     1× Transferencia De Zambrano Bravo Belen, Concepto Depósito Belén Zambran  [385]
     1× Transferencia Inmediata A Favor De José Antonio Gómez Ramírez  [-1000]
     1× Transferencia De Raul Esteban Peces, Concepto Alquiles Mes Hab. 1 Uso   [395]
     1× Transferencia De Francisco Javier Lopez Carbonell, Concepto Marzo, Ten  [395]
     1× Transferencia A Favor De Jose Antonio Gomez Ramirez Concepto: Nómina  [-1200]
     1× Transferencia De Alisser Real Estate, S.l., Concepto Pago Marzo Tender  [1202.78]
     1× Transferencia De Francisco Javier Lopez Carbonell, Concepto Tenderina   [395]
     1× Transferencia De Alisser Real Estate, S.l., Concepto Febrero 2025.  [1202.78]
     1× Transferencia De Logan Crespo Vieru, Concepto Envio De Dinero - Imagin  [0.04]
     1× Transferencia De Francisco Javier Lopez Carbonell, Concepto Enero Tend  [395]
-- sin clasificar · sabadell_xls (48 líneas, 21 conceptos distintos):
     7× ABONO POR DOMICILIACIÓN DE RECIBOS  [25.64, 35.51, 28.5, 31.53, …]
     6× ABONO TRANSFERENCIA DE GOMEZ RAMIREZ JOSE ANTONIO  [500, 300, 1000, 3000, …]
     5× TRANSFERENCIA A JOSE ANTONIO GOMEZ RAMIREZ  [-200, -300, -100, -210, …]
     5× ADEUDO RECIBO PayPal Europe S.a.r.l. et Cie S.C.A  [-11.98, -22.15, -50.86, -12.75, …]
     3× TRANSFERENCIA A SMARTFLIP  [-15000, -15000, -15000]
     2× ABONO TRANSFERENCIA DE JOSE ANTONIO GOMEZ RAMIREZ  [400, 1000]
     2× ENVIO DE INSTANT MONEY  [-20, -100]
     2× TRANSFERENCIA JOSE ANTONIO GOMEZ RAMIREZ  [15000, 15000]
     2× ABONO TRANSFERENCIA DE Gomez Ramirez Jose Antonio  [1500, 15000]
     2× TRANSFERENCIA A Jose Antonio Gomez Ramirez  [-2718, -1270]
     2× ADEUDO RECIBO WEKIWI SL  [-38.78, -35.19]
     1× ABONO TRANSFERENCIA DE JOSE ANTONIO  [300]
     1× ABONO TRANSFERENCIA DE SMARTFLIP DEVELOPMENTS INVESTMENTS S  [15000]
     1× TRANSFERENCIA 212128856  [-15000]
     1× TRANSFERENCIA A Eloy Gomez Ramirez  [-500]
     1× TRANSFERENCIA A MOTORES Y RECTIFICADOS VALENCIA, S.L  [-3993]
     1× COMPRA TARJ. 5402XXXXXXXX7016 APPLE.COM/BILL-CORK  [-34.99]
     1× TRANSFERENCIA A JOSÉ ANTONIO GÓMEZ RAMÍREZ  [-20000]
     1× TRANSFERENCIA A Jos Antonio G mez Ram rez  [-80]
     1× TRANSFERENCIA A 4A Avenida Serviicios Inmobiliarios  [-2359.5]
     1× TRANSFERENCIA A Manuel Fernandez  [-15000]
-- sin clasificar · unicaja_pdf (185 líneas, 32 conceptos distintos):
    49× GOMEZ RAMIREZ JOSE ANTONIO  [500, 1200, 750, 400, …]
    38× REC.MCARD MOD.ACUM.  [-25.95, -2.3, -32.05, -577.69, …]
    20× FCC AQUALI447497-874010012213  [-57.61, -43.19, -55.18, -42.56, …]
    14× ENTREGA CUENTA CRED. TARJ.  [-234.2, -300, -120, -100, …]
    10× CP TENDERI016B9V-004300001200  [-80.26, -80.26, -80.26, -80.26, …]
     9× JOSE ANTONIO GOMEZ RAMIREZ  [200, 800, 200, 100, …]
     8× Gomez Ramirez Jose Antonio  [2500, 2500, 1500, 1500, …]
     4× CUOTA DICIEMBRE PLAN UNI SEGU  [-37.24, -21.97, -40.23, -23.73]
     4× CDAD PROP 01B046-000278300002  [-38, -38, -38, -38]
     2× AYUNTAMIEN591564-000000073937  [-165.85, -165.85]
     2× AYUNTAMIEN591564-000000073938  [-165.85, -165.85]
     2× AYUNTAMIEN591564-000000073939  [-74.36, -74.36]
     2× Jose Antonio Gomez Ramirez  [500, 365]
     2× CUOTA SEPTIEMBRE PLAN UNI SEG  [-40.23, -23.73]
     2× CUOTA NOVIEMBRE PLAN UNI SEGU  [-40.23, -23.73]
     1× CDAD TENDE282654-004300001200  [-80.26]
     1× CAJ. 18.29 C039089L301  [-560]
     1× Regularizaciones  [-600]
     1× AYUNTAMIEN591564-000000059013  [-181.94]
     1× AYUNTAMIEN01886L-000000073938  [-105.58]
     1× AYUNTAMIEN01886L-000000073939  [-47.34]
     1× AYUNTAMIEN01886L-000000059013  [-115.83]
     1× AYUNTAMIEN01886L-000000073937  [-105.58]
     1× Reserva casa  [-518.75]
     1× Cancelación ATG 100 José Anton  [-121]
     1× Certificado energético  [-100]
     1× SOBRANTE CAN PTMO  [403.11]
     1× UNICAJA TRAMITACIONES SA  [121]
     1× Regularización Tenderina 48  [-81.96]
     1× Planchas y  [-800]
     1× FRANCISCO JAVIER RAMOS CALLES  [413.09]
     1× SUSCRIPCI abrdn SICAV I - JAPA  [-1065]
-- sin clasificar · unicaja_xls (63 líneas, 14 conceptos distintos):
    17× GOMEZ RAMIREZ JOSE ANTONIO  [2500, 2500, 2500, 2500, …]
     9× REC.MCARD MOD.ACUM.  [-94.9, -183.95, -107, -30, …]
     8× FCC AQUALI447497 874010012213  [-68.71, -42.88, -62.95, -44.07, …]
     8× ENTREGA CUENTA CRED. TARJ.  [-103.12, -460, -120, -180, …]
     5× Gomez Ramirez Jose Antonio  [7500, 1500, 1200, 1500, …]
     4× JOSE ANTONIO GOMEZ RAMIREZ  [20, 300, 500, 200]
     4× CDAD PROP 01B046 000278300002  [-38, -38, -38, -38]
     2× CUOTA DICIEMBRE PLAN UNI SEGU  [-23.73, -40.23]
     1× SUSCRIPCI abrdn SICAV I JAPA  [-1065]
     1× FRANCISCO JAVIER RAMOS CALLES  [413.09]
     1× AYUNTAMIEN591564 000000073939  [-74.36]
     1× AYUNTAMIEN591564 000000073938  [-165.85]
     1× AYUNTAMIEN591564 000000073937  [-165.85]
     1× Planchas y  [-800]
d1_cuentas_y_titular · contextoDelLote → cuentas=3 tarjetas=0 nombresTitular=["José Antonio Gómez Ramírez","Jos  Antonio G mez Ram rez","Jose Antonio Gomez Ramirez"]
(node:2994) [DEP0040] DeprecationWarning: The `punycode` module is deprecated. Please use a userland alternative instead.
(Use `node --trace-deprecation ...` to show where the warning was created)
PASS src/__scratch_audit__/q2.con.test.ts

##### c_solo_reglas_duras #####
fichero        | total | clasif | %      | conFam | interno | conMetodo | por paso
santander_pdf  |   255 |    103 |  40.4% |    103 |      27 |        23 | {"ninguno":152,"concepto":103}
sabadell_xls   |   292 |    244 |  83.6% |    244 |       2 |        60 | {"concepto":244,"ninguno":48}
unicaja_pdf    |   387 |    202 |  52.2% |    202 |      23 |        52 | {"ninguno":185,"concepto":202}
unicaja_xls    |   144 |     81 |  56.3% |     81 |       8 |        15 | {"concepto":81,"ninguno":63}
TOTAL          |  1078 |    630 |  58.4% |    630 |      60 |       150 | {"ninguno":448,"concepto":630}
-- sin clasificar · santander_pdf (152 líneas, 59 conceptos distintos):
    60× Traspaso:  [-930, -607.5, -765.04, -395, …]
     9× Transferencia De Esteban Antonio Yanez Vallenilla, Concepto Pago De Ha  [200.16, 365, 365, 365, …]
     6× Transferencia A Favor De Jose Antonio Gomez Ramirez Concepto: Enviado   [-2500, -2500, -2500, -2500, …]
     6× Transferencia Inmediata A Favor De Jose Antonio Gomez Ramirez  [-2200, -15000, -40, -40, …]
     5× Transferencia Inmediata A Favor De Jose Antonio Gomez Ramirez Concepto  [-7500, -1000, -1500, -2500, …]
     5× Transferencia Inmediata De Claudia Jimenez Perez, Concepto Pago Mes De  [380, 380, 380, 380, …]
     4× Transferencia De Oscar Lirola Casanova, Concepto Movimiento Ing.  [365, 547.5, 158.33, 365]
     2× Transferencia A Favor De Jose Antonio Gomez Ramirez Concepto: Nomina  [-2500, -7500]
     2× Liquidacion Del Contrato 0014784 300  [-3.69, -0.37]
     2× Transferencia De Gomez Ramirez Jose Antonio, .  [78500, 0.37]
     2× Transferencia Inmediata De Vizcaino Escobar Gabriela Alejandra, Concep  [395, 698]
     2× Recibo Paypal Europe S.a.r.l. Et Cie S.c.a Nº Recibo 0049 0052 755 Bbr  [-0.23, -49.99]
     1× Transferencia Inmediata De Parwez Adnan, Concepto Rent For September  [395]
     1× Transferencia Inmediata De Jordan O Sullivan, Concepto Sent From Revol  [930]
     1× Transferencia Inmediata De Parwez Adnan, Concepto Rent For Aug  [395]
     1× Transferencia Inmediata A Favor De Concepción Ramirez Guerrero Concept  [-5485.53]
     1× Transferencia A Favor De Banco Cetelem S.a. Concepto: 43508951n - Cont  [-3255.74]
     1× Transferencia Inmediata De Smartflip Developments Investments S.a., Co  [607.5]
     1× Transferencia Inmediata De Parwez Adnan, Concepto Rent For July  [395]
     1× Transferencia De Alisser Real Estate, S.l., Concepto Suministros Calle  [64.16]
     1× Transferencia Inmediata De Parwez Adnan, Concepto Rent For June  [395]
     1× Transferencia Inmediata De Parwez Adnan, Concepto Rent For May  [395]
     1× Transferencia De Alisser Real Estate, S.l., Concepto Fondo De Garantia  [1350]
     1× Compra Internet En Ajuntament De M, Manresa Es, Tarj. : *827754  [-1038.57]
     1× Transferencia Inmediata De Parwez Adnan, Concepto Rent For March+rent   [870]
     1× Transferencia Inmediata A Favor De Minoautos Multimarca Sl Concepto Pa  [-12240]
     1× Transferencia Inmediata A Favor De Crismar Yanez Concepto Devolucionfi  [-395]
     1× Transferencia Inmediata A Favor De Carmen Alonso González Concepto Con  [-36.4]
     1× Transferencia Inmediata A Favor De Gestio I Administracio De Finques C  [-7260]
     1× Transferencia De Cristian Lopez Vineta Pl La Pau, 4 En, Referencia: 00  [64005.37]
     1× Transferencia De Claudia Jimenez Perez, Concepto Pago Mes De Abril . C  [380]
     1× Transferencia De Zambrano Bravo Belen, Concepto Mensualidad Marzo Belé  [385]
     1× Transferencia Inmediata De Harvin Camilo Duarte Gil, Concepto Mes De F  [365]
     1× Transferencia Inmediata De Cristian Lopez Vineta, Concepto Arras Piso   [5750]
     1× Transferencia De Zambrano Bravo Belen, Concepto Mensualidad Febrero Be  [385]
     1× Transferencia De Zambrano Bravo Belen, Concepto Mensualidad Enero Belé  [385]
     1× Traspaso: Enviado Por Banco Santander  [-423]
     1× Transferencia Inmediata De Harvin Camilo Duarte Gil, Concepto Mes De D  [423]
     1× Transferencia De Zambrano Bravo Belen, Concepto Mensualidad Diciembre.  [385]
     1× Transferencia Inmediata De Lucia Garcia Cordoba, Concepto Arras Numero  [18000]
     1× Transferencia De Zambrano Bravo Belen, Concepto Mensualidad Noviembre.  [385]
     1× Transferencia De Zambrano Bravo Belen, Concepto Mensualidad Octubre Be  [385]
     1× Transferencia Inmediata De Jose Adrian Novo Soto, Concepto Septiembre   [365]
     1× Transferencia Inmediata De Benito Fuentes Galan, Concepto Medio Mes Pi  [232.5]
     1× Transferencia De Zambrano Bravo Belen, Concepto Mensualidad Septiembre  [385]
     1× Transferencia Inmediata De Benito Fuentes Galan, Concepto Piso Agosto  [465]
     1× Transferencia Inmediata De Vizcaino Escobar Gabriela Alejandra,  [395]
     1× Transferencia Inmediata De Fernandez Pumarol Javier, Concepto Reserva   [100]
     1× Transferencia Inmediata De Benito Fuentes Galan, Concepto Mes Julio  [465]
     1× Transferencia De Zambrano Bravo Belen, Concepto Depósito Belén Zambran  [385]
     1× Transferencia Inmediata A Favor De José Antonio Gómez Ramírez  [-1000]
     1× Transferencia De Raul Esteban Peces, Concepto Alquiles Mes Hab. 1 Uso   [395]
     1× Transferencia De Francisco Javier Lopez Carbonell, Concepto Marzo, Ten  [395]
     1× Transferencia A Favor De Jose Antonio Gomez Ramirez Concepto: Nómina  [-1200]
     1× Transferencia De Alisser Real Estate, S.l., Concepto Pago Marzo Tender  [1202.78]
     1× Transferencia De Francisco Javier Lopez Carbonell, Concepto Tenderina   [395]
     1× Transferencia De Alisser Real Estate, S.l., Concepto Febrero 2025.  [1202.78]
     1× Transferencia De Logan Crespo Vieru, Concepto Envio De Dinero - Imagin  [0.04]
     1× Transferencia De Francisco Javier Lopez Carbonell, Concepto Enero Tend  [395]
-- sin clasificar · sabadell_xls (48 líneas, 21 conceptos distintos):
     7× ABONO POR DOMICILIACIÓN DE RECIBOS  [25.64, 35.51, 28.5, 31.53, …]
     6× ABONO TRANSFERENCIA DE GOMEZ RAMIREZ JOSE ANTONIO  [500, 300, 1000, 3000, …]
     5× TRANSFERENCIA A JOSE ANTONIO GOMEZ RAMIREZ  [-200, -300, -100, -210, …]
     5× ADEUDO RECIBO PayPal Europe S.a.r.l. et Cie S.C.A  [-11.98, -22.15, -50.86, -12.75, …]
     3× TRANSFERENCIA A SMARTFLIP  [-15000, -15000, -15000]
     2× ABONO TRANSFERENCIA DE JOSE ANTONIO GOMEZ RAMIREZ  [400, 1000]
     2× ENVIO DE INSTANT MONEY  [-20, -100]
     2× TRANSFERENCIA JOSE ANTONIO GOMEZ RAMIREZ  [15000, 15000]
     2× ABONO TRANSFERENCIA DE Gomez Ramirez Jose Antonio  [1500, 15000]
     2× TRANSFERENCIA A Jose Antonio Gomez Ramirez  [-2718, -1270]
     2× ADEUDO RECIBO WEKIWI SL  [-38.78, -35.19]
     1× ABONO TRANSFERENCIA DE JOSE ANTONIO  [300]
     1× ABONO TRANSFERENCIA DE SMARTFLIP DEVELOPMENTS INVESTMENTS S  [15000]
     1× TRANSFERENCIA 212128856  [-15000]
     1× TRANSFERENCIA A Eloy Gomez Ramirez  [-500]
     1× TRANSFERENCIA A MOTORES Y RECTIFICADOS VALENCIA, S.L  [-3993]
     1× COMPRA TARJ. 5402XXXXXXXX7016 APPLE.COM/BILL-CORK  [-34.99]
     1× TRANSFERENCIA A JOSÉ ANTONIO GÓMEZ RAMÍREZ  [-20000]
     1× TRANSFERENCIA A Jos Antonio G mez Ram rez  [-80]
     1× TRANSFERENCIA A 4A Avenida Serviicios Inmobiliarios  [-2359.5]
     1× TRANSFERENCIA A Manuel Fernandez  [-15000]
-- sin clasificar · unicaja_pdf (185 líneas, 32 conceptos distintos):
    49× GOMEZ RAMIREZ JOSE ANTONIO  [500, 1200, 750, 400, …]
    38× REC.MCARD MOD.ACUM.  [-25.95, -2.3, -32.05, -577.69, …]
    20× FCC AQUALI447497-874010012213  [-57.61, -43.19, -55.18, -42.56, …]
    14× ENTREGA CUENTA CRED. TARJ.  [-234.2, -300, -120, -100, …]
    10× CP TENDERI016B9V-004300001200  [-80.26, -80.26, -80.26, -80.26, …]
     9× JOSE ANTONIO GOMEZ RAMIREZ  [200, 800, 200, 100, …]
     8× Gomez Ramirez Jose Antonio  [2500, 2500, 1500, 1500, …]
     4× CUOTA DICIEMBRE PLAN UNI SEGU  [-37.24, -21.97, -40.23, -23.73]
     4× CDAD PROP 01B046-000278300002  [-38, -38, -38, -38]
     2× AYUNTAMIEN591564-000000073937  [-165.85, -165.85]
     2× AYUNTAMIEN591564-000000073938  [-165.85, -165.85]
     2× AYUNTAMIEN591564-000000073939  [-74.36, -74.36]
     2× Jose Antonio Gomez Ramirez  [500, 365]
     2× CUOTA SEPTIEMBRE PLAN UNI SEG  [-40.23, -23.73]
     2× CUOTA NOVIEMBRE PLAN UNI SEGU  [-40.23, -23.73]
     1× CDAD TENDE282654-004300001200  [-80.26]
     1× CAJ. 18.29 C039089L301  [-560]
     1× Regularizaciones  [-600]
     1× AYUNTAMIEN591564-000000059013  [-181.94]
     1× AYUNTAMIEN01886L-000000073938  [-105.58]
     1× AYUNTAMIEN01886L-000000073939  [-47.34]
     1× AYUNTAMIEN01886L-000000059013  [-115.83]
     1× AYUNTAMIEN01886L-000000073937  [-105.58]
     1× Reserva casa  [-518.75]
     1× Cancelación ATG 100 José Anton  [-121]
     1× Certificado energético  [-100]
     1× SOBRANTE CAN PTMO  [403.11]
     1× UNICAJA TRAMITACIONES SA  [121]
     1× Regularización Tenderina 48  [-81.96]
     1× Planchas y  [-800]
     1× FRANCISCO JAVIER RAMOS CALLES  [413.09]
     1× SUSCRIPCI abrdn SICAV I - JAPA  [-1065]
-- sin clasificar · unicaja_xls (63 líneas, 14 conceptos distintos):
    17× GOMEZ RAMIREZ JOSE ANTONIO  [2500, 2500, 2500, 2500, …]
     9× REC.MCARD MOD.ACUM.  [-94.9, -183.95, -107, -30, …]
     8× FCC AQUALI447497 874010012213  [-68.71, -42.88, -62.95, -44.07, …]
     8× ENTREGA CUENTA CRED. TARJ.  [-103.12, -460, -120, -180, …]
     5× Gomez Ramirez Jose Antonio  [7500, 1500, 1200, 1500, …]
     4× JOSE ANTONIO GOMEZ RAMIREZ  [20, 300, 500, 200]
     4× CDAD PROP 01B046 000278300002  [-38, -38, -38, -38]
     2× CUOTA DICIEMBRE PLAN UNI SEGU  [-23.73, -40.23]
     1× SUSCRIPCI abrdn SICAV I JAPA  [-1065]
     1× FRANCISCO JAVIER RAMOS CALLES  [413.09]
     1× AYUNTAMIEN591564 000000073939  [-74.36]
     1× AYUNTAMIEN591564 000000073938  [-165.85]
     1× AYUNTAMIEN591564 000000073937  [-165.85]
     1× Planchas y  [-800]
(c) líneas con método por metodoDelConcepto: 469 de 1078
d1_cuentas_y_titular · líneas con sugerencia=1078 (por identidad=0) · origen reconocido=161 {"traspaso":161}

##### d1_cuentas_y_titular #####
fichero        | total | clasif | %      | conFam | interno | conMetodo | por paso
santander_pdf  |   255 |    126 |  49.4% |    126 |      50 |       253 | {"ninguno":129,"concepto":92,"identificador":34}
sabadell_xls   |   292 |    267 |  91.4% |    267 |      35 |       109 | {"concepto":234,"identificador":33,"ninguno":25}
unicaja_pdf    |   387 |    270 |  69.8% |    270 |      91 |       169 | {"ninguno":117,"concepto":202,"identificador":68}
unicaja_xls    |   144 |    107 |  74.3% |    107 |      34 |        60 | {"concepto":81,"ninguno":37,"identificador":26}
TOTAL          |  1078 |    770 |  71.4% |    770 |     210 |       591 | {"ninguno":308,"concepto":609,"identificador":161}
-- sin clasificar · santander_pdf (129 líneas, 52 conceptos distintos):
    60× Traspaso:  [-930, -607.5, -765.04, -395, …]
     9× Transferencia De Esteban Antonio Yanez Vallenilla, Concepto Pago De Ha  [200.16, 365, 365, 365, …]
     5× Transferencia Inmediata De Claudia Jimenez Perez, Concepto Pago Mes De  [380, 380, 380, 380, …]
     4× Transferencia De Oscar Lirola Casanova, Concepto Movimiento Ing.  [365, 547.5, 158.33, 365]
     2× Liquidacion Del Contrato 0014784 300  [-3.69, -0.37]
     2× Transferencia Inmediata De Vizcaino Escobar Gabriela Alejandra, Concep  [395, 698]
     2× Recibo Paypal Europe S.a.r.l. Et Cie S.c.a Nº Recibo 0049 0052 755 Bbr  [-0.23, -49.99]
     1× Transferencia Inmediata De Parwez Adnan, Concepto Rent For September  [395]
     1× Transferencia Inmediata De Jordan O Sullivan, Concepto Sent From Revol  [930]
     1× Transferencia Inmediata De Parwez Adnan, Concepto Rent For Aug  [395]
     1× Transferencia Inmediata A Favor De Concepción Ramirez Guerrero Concept  [-5485.53]
     1× Transferencia A Favor De Banco Cetelem S.a. Concepto: 43508951n - Cont  [-3255.74]
     1× Transferencia Inmediata De Smartflip Developments Investments S.a., Co  [607.5]
     1× Transferencia Inmediata De Parwez Adnan, Concepto Rent For July  [395]
     1× Transferencia De Alisser Real Estate, S.l., Concepto Suministros Calle  [64.16]
     1× Transferencia Inmediata De Parwez Adnan, Concepto Rent For June  [395]
     1× Transferencia Inmediata De Parwez Adnan, Concepto Rent For May  [395]
     1× Transferencia De Alisser Real Estate, S.l., Concepto Fondo De Garantia  [1350]
     1× Compra Internet En Ajuntament De M, Manresa Es, Tarj. : *827754  [-1038.57]
     1× Transferencia Inmediata De Parwez Adnan, Concepto Rent For March+rent   [870]
     1× Transferencia Inmediata A Favor De Minoautos Multimarca Sl Concepto Pa  [-12240]
     1× Transferencia Inmediata A Favor De Crismar Yanez Concepto Devolucionfi  [-395]
     1× Transferencia Inmediata A Favor De Carmen Alonso González Concepto Con  [-36.4]
     1× Transferencia Inmediata A Favor De Gestio I Administracio De Finques C  [-7260]
     1× Transferencia De Cristian Lopez Vineta Pl La Pau, 4 En, Referencia: 00  [64005.37]
     1× Transferencia De Claudia Jimenez Perez, Concepto Pago Mes De Abril . C  [380]
     1× Transferencia De Zambrano Bravo Belen, Concepto Mensualidad Marzo Belé  [385]
     1× Transferencia Inmediata De Harvin Camilo Duarte Gil, Concepto Mes De F  [365]
     1× Transferencia Inmediata De Cristian Lopez Vineta, Concepto Arras Piso   [5750]
     1× Transferencia De Zambrano Bravo Belen, Concepto Mensualidad Febrero Be  [385]
     1× Transferencia De Zambrano Bravo Belen, Concepto Mensualidad Enero Belé  [385]
     1× Traspaso: Enviado Por Banco Santander  [-423]
     1× Transferencia Inmediata De Harvin Camilo Duarte Gil, Concepto Mes De D  [423]
     1× Transferencia De Zambrano Bravo Belen, Concepto Mensualidad Diciembre.  [385]
     1× Transferencia Inmediata De Lucia Garcia Cordoba, Concepto Arras Numero  [18000]
     1× Transferencia De Zambrano Bravo Belen, Concepto Mensualidad Noviembre.  [385]
     1× Transferencia De Zambrano Bravo Belen, Concepto Mensualidad Octubre Be  [385]
     1× Transferencia Inmediata De Jose Adrian Novo Soto, Concepto Septiembre   [365]
     1× Transferencia Inmediata De Benito Fuentes Galan, Concepto Medio Mes Pi  [232.5]
     1× Transferencia De Zambrano Bravo Belen, Concepto Mensualidad Septiembre  [385]
     1× Transferencia Inmediata De Benito Fuentes Galan, Concepto Piso Agosto  [465]
     1× Transferencia Inmediata De Vizcaino Escobar Gabriela Alejandra,  [395]
     1× Transferencia Inmediata De Fernandez Pumarol Javier, Concepto Reserva   [100]
     1× Transferencia Inmediata De Benito Fuentes Galan, Concepto Mes Julio  [465]
     1× Transferencia De Zambrano Bravo Belen, Concepto Depósito Belén Zambran  [385]
     1× Transferencia De Raul Esteban Peces, Concepto Alquiles Mes Hab. 1 Uso   [395]
     1× Transferencia De Francisco Javier Lopez Carbonell, Concepto Marzo, Ten  [395]
     1× Transferencia De Alisser Real Estate, S.l., Concepto Pago Marzo Tender  [1202.78]
     1× Transferencia De Francisco Javier Lopez Carbonell, Concepto Tenderina   [395]
     1× Transferencia De Alisser Real Estate, S.l., Concepto Febrero 2025.  [1202.78]
     1× Transferencia De Logan Crespo Vieru, Concepto Envio De Dinero - Imagin  [0.04]
     1× Transferencia De Francisco Javier Lopez Carbonell, Concepto Enero Tend  [395]
-- sin clasificar · sabadell_xls (25 líneas, 11 conceptos distintos):
     7× ABONO POR DOMICILIACIÓN DE RECIBOS  [25.64, 35.51, 28.5, 31.53, …]
     5× ADEUDO RECIBO PayPal Europe S.a.r.l. et Cie S.C.A  [-11.98, -22.15, -50.86, -12.75, …]
     3× TRANSFERENCIA A SMARTFLIP  [-15000, -15000, -15000]
     2× ENVIO DE INSTANT MONEY  [-20, -100]
     2× ADEUDO RECIBO WEKIWI SL  [-38.78, -35.19]
     1× ABONO TRANSFERENCIA DE SMARTFLIP DEVELOPMENTS INVESTMENTS S  [15000]
     1× TRANSFERENCIA 212128856  [-15000]
     1× TRANSFERENCIA A MOTORES Y RECTIFICADOS VALENCIA, S.L  [-3993]
     1× COMPRA TARJ. 5402XXXXXXXX7016 APPLE.COM/BILL-CORK  [-34.99]
     1× TRANSFERENCIA A 4A Avenida Serviicios Inmobiliarios  [-2359.5]
     1× TRANSFERENCIA A Manuel Fernandez  [-15000]
-- sin clasificar · unicaja_pdf (117 líneas, 28 conceptos distintos):
    38× REC.MCARD MOD.ACUM.  [-25.95, -2.3, -32.05, -577.69, …]
    20× FCC AQUALI447497-874010012213  [-57.61, -43.19, -55.18, -42.56, …]
    14× ENTREGA CUENTA CRED. TARJ.  [-234.2, -300, -120, -100, …]
    10× CP TENDERI016B9V-004300001200  [-80.26, -80.26, -80.26, -80.26, …]
     4× CUOTA DICIEMBRE PLAN UNI SEGU  [-37.24, -21.97, -40.23, -23.73]
     4× CDAD PROP 01B046-000278300002  [-38, -38, -38, -38]
     2× AYUNTAMIEN591564-000000073937  [-165.85, -165.85]
     2× AYUNTAMIEN591564-000000073938  [-165.85, -165.85]
     2× AYUNTAMIEN591564-000000073939  [-74.36, -74.36]
     2× CUOTA SEPTIEMBRE PLAN UNI SEG  [-40.23, -23.73]
     2× CUOTA NOVIEMBRE PLAN UNI SEGU  [-40.23, -23.73]
     1× CDAD TENDE282654-004300001200  [-80.26]
     1× CAJ. 18.29 C039089L301  [-560]
     1× Regularizaciones  [-600]
     1× AYUNTAMIEN591564-000000059013  [-181.94]
     1× AYUNTAMIEN01886L-000000073938  [-105.58]
     1× AYUNTAMIEN01886L-000000073939  [-47.34]
     1× AYUNTAMIEN01886L-000000059013  [-115.83]
     1× AYUNTAMIEN01886L-000000073937  [-105.58]
     1× Reserva casa  [-518.75]
     1× Cancelación ATG 100 José Anton  [-121]
     1× Certificado energético  [-100]
     1× SOBRANTE CAN PTMO  [403.11]
     1× UNICAJA TRAMITACIONES SA  [121]
     1× Regularización Tenderina 48  [-81.96]
     1× Planchas y  [-800]
     1× FRANCISCO JAVIER RAMOS CALLES  [413.09]
     1× SUSCRIPCI abrdn SICAV I - JAPA  [-1065]
-- sin clasificar · unicaja_xls (37 líneas, 11 conceptos distintos):
     9× REC.MCARD MOD.ACUM.  [-94.9, -183.95, -107, -30, …]
     8× FCC AQUALI447497 874010012213  [-68.71, -42.88, -62.95, -44.07, …]
     8× ENTREGA CUENTA CRED. TARJ.  [-103.12, -460, -120, -180, …]
     4× CDAD PROP 01B046 000278300002  [-38, -38, -38, -38]
     2× CUOTA DICIEMBRE PLAN UNI SEGU  [-23.73, -40.23]
     1× SUSCRIPCI abrdn SICAV I JAPA  [-1065]
     1× FRANCISCO JAVIER RAMOS CALLES  [413.09]
     1× AYUNTAMIEN591564 000000073939  [-74.36]
     1× AYUNTAMIEN591564 000000073938  [-165.85]
     1× AYUNTAMIEN591564 000000073937  [-165.85]
     1× Planchas y  [-800]
d2_prestamo_y_recurrente · contextoDelLote → cuentas=3 tarjetas=0 nombresTitular=["José Antonio Gómez Ramírez","Jos  Antonio G mez Ram rez","Jose Antonio Gomez Ramirez"]
PASS src/__scratch_audit__/q2.stores.test.ts

Test Suites: 3 passed, 3 total
Tests:       8 passed, 8 total
Snapshots:   0 total
Time:        4.95 s
Ran all test suites matching /src\/__scratch_audit__/i.
d2_prestamo_y_recurrente · líneas con sugerencia=1078 (por identidad=58) · origen reconocido=220 {"traspaso":161,"recurrente":31,"prestamo":28}

##### d2_prestamo_y_recurrente #####
fichero        | total | clasif | %      | conFam | interno | conMetodo | por paso
santander_pdf  |   255 |    126 |  49.4% |    126 |      50 |       253 | {"ninguno":129,"concepto":92,"identificador":34}
sabadell_xls   |   292 |    267 |  91.4% |    267 |      35 |       109 | {"identificador":91,"concepto":176,"ninguno":25}
unicaja_pdf    |   387 |    270 |  69.8% |    270 |      91 |       169 | {"ninguno":117,"concepto":182,"identificador":88}
unicaja_xls    |   144 |    107 |  74.3% |    107 |      34 |        60 | {"concepto":73,"ninguno":37,"identificador":34}
TOTAL          |  1078 |    770 |  71.4% |    770 |     210 |       591 | {"ninguno":308,"concepto":523,"identificador":247}
-- sin clasificar · santander_pdf (129 líneas, 52 conceptos distintos):
    60× Traspaso:  [-930, -607.5, -765.04, -395, …]
     9× Transferencia De Esteban Antonio Yanez Vallenilla, Concepto Pago De Ha  [200.16, 365, 365, 365, …]
     5× Transferencia Inmediata De Claudia Jimenez Perez, Concepto Pago Mes De  [380, 380, 380, 380, …]
     4× Transferencia De Oscar Lirola Casanova, Concepto Movimiento Ing.  [365, 547.5, 158.33, 365]
     2× Liquidacion Del Contrato 0014784 300  [-3.69, -0.37]
     2× Transferencia Inmediata De Vizcaino Escobar Gabriela Alejandra, Concep  [395, 698]
     2× Recibo Paypal Europe S.a.r.l. Et Cie S.c.a Nº Recibo 0049 0052 755 Bbr  [-0.23, -49.99]
     1× Transferencia Inmediata De Parwez Adnan, Concepto Rent For September  [395]
     1× Transferencia Inmediata De Jordan O Sullivan, Concepto Sent From Revol  [930]
     1× Transferencia Inmediata De Parwez Adnan, Concepto Rent For Aug  [395]
     1× Transferencia Inmediata A Favor De Concepción Ramirez Guerrero Concept  [-5485.53]
     1× Transferencia A Favor De Banco Cetelem S.a. Concepto: 43508951n - Cont  [-3255.74]
     1× Transferencia Inmediata De Smartflip Developments Investments S.a., Co  [607.5]
     1× Transferencia Inmediata De Parwez Adnan, Concepto Rent For July  [395]
     1× Transferencia De Alisser Real Estate, S.l., Concepto Suministros Calle  [64.16]
     1× Transferencia Inmediata De Parwez Adnan, Concepto Rent For June  [395]
     1× Transferencia Inmediata De Parwez Adnan, Concepto Rent For May  [395]
     1× Transferencia De Alisser Real Estate, S.l., Concepto Fondo De Garantia  [1350]
     1× Compra Internet En Ajuntament De M, Manresa Es, Tarj. : *827754  [-1038.57]
     1× Transferencia Inmediata De Parwez Adnan, Concepto Rent For March+rent   [870]
     1× Transferencia Inmediata A Favor De Minoautos Multimarca Sl Concepto Pa  [-12240]
     1× Transferencia Inmediata A Favor De Crismar Yanez Concepto Devolucionfi  [-395]
     1× Transferencia Inmediata A Favor De Carmen Alonso González Concepto Con  [-36.4]
     1× Transferencia Inmediata A Favor De Gestio I Administracio De Finques C  [-7260]
     1× Transferencia De Cristian Lopez Vineta Pl La Pau, 4 En, Referencia: 00  [64005.37]
     1× Transferencia De Claudia Jimenez Perez, Concepto Pago Mes De Abril . C  [380]
     1× Transferencia De Zambrano Bravo Belen, Concepto Mensualidad Marzo Belé  [385]
     1× Transferencia Inmediata De Harvin Camilo Duarte Gil, Concepto Mes De F  [365]
     1× Transferencia Inmediata De Cristian Lopez Vineta, Concepto Arras Piso   [5750]
     1× Transferencia De Zambrano Bravo Belen, Concepto Mensualidad Febrero Be  [385]
     1× Transferencia De Zambrano Bravo Belen, Concepto Mensualidad Enero Belé  [385]
     1× Traspaso: Enviado Por Banco Santander  [-423]
     1× Transferencia Inmediata De Harvin Camilo Duarte Gil, Concepto Mes De D  [423]
     1× Transferencia De Zambrano Bravo Belen, Concepto Mensualidad Diciembre.  [385]
     1× Transferencia Inmediata De Lucia Garcia Cordoba, Concepto Arras Numero  [18000]
     1× Transferencia De Zambrano Bravo Belen, Concepto Mensualidad Noviembre.  [385]
     1× Transferencia De Zambrano Bravo Belen, Concepto Mensualidad Octubre Be  [385]
     1× Transferencia Inmediata De Jose Adrian Novo Soto, Concepto Septiembre   [365]
     1× Transferencia Inmediata De Benito Fuentes Galan, Concepto Medio Mes Pi  [232.5]
     1× Transferencia De Zambrano Bravo Belen, Concepto Mensualidad Septiembre  [385]
     1× Transferencia Inmediata De Benito Fuentes Galan, Concepto Piso Agosto  [465]
     1× Transferencia Inmediata De Vizcaino Escobar Gabriela Alejandra,  [395]
     1× Transferencia Inmediata De Fernandez Pumarol Javier, Concepto Reserva   [100]
     1× Transferencia Inmediata De Benito Fuentes Galan, Concepto Mes Julio  [465]
     1× Transferencia De Zambrano Bravo Belen, Concepto Depósito Belén Zambran  [385]
     1× Transferencia De Raul Esteban Peces, Concepto Alquiles Mes Hab. 1 Uso   [395]
     1× Transferencia De Francisco Javier Lopez Carbonell, Concepto Marzo, Ten  [395]
     1× Transferencia De Alisser Real Estate, S.l., Concepto Pago Marzo Tender  [1202.78]
     1× Transferencia De Francisco Javier Lopez Carbonell, Concepto Tenderina   [395]
     1× Transferencia De Alisser Real Estate, S.l., Concepto Febrero 2025.  [1202.78]
     1× Transferencia De Logan Crespo Vieru, Concepto Envio De Dinero - Imagin  [0.04]
     1× Transferencia De Francisco Javier Lopez Carbonell, Concepto Enero Tend  [395]
-- sin clasificar · sabadell_xls (25 líneas, 11 conceptos distintos):
     7× ABONO POR DOMICILIACIÓN DE RECIBOS  [25.64, 35.51, 28.5, 31.53, …]
     5× ADEUDO RECIBO PayPal Europe S.a.r.l. et Cie S.C.A  [-11.98, -22.15, -50.86, -12.75, …]
     3× TRANSFERENCIA A SMARTFLIP  [-15000, -15000, -15000]
     2× ENVIO DE INSTANT MONEY  [-20, -100]
     2× ADEUDO RECIBO WEKIWI SL  [-38.78, -35.19]
     1× ABONO TRANSFERENCIA DE SMARTFLIP DEVELOPMENTS INVESTMENTS S  [15000]
     1× TRANSFERENCIA 212128856  [-15000]
     1× TRANSFERENCIA A MOTORES Y RECTIFICADOS VALENCIA, S.L  [-3993]
     1× COMPRA TARJ. 5402XXXXXXXX7016 APPLE.COM/BILL-CORK  [-34.99]
     1× TRANSFERENCIA A 4A Avenida Serviicios Inmobiliarios  [-2359.5]
     1× TRANSFERENCIA A Manuel Fernandez  [-15000]
-- sin clasificar · unicaja_pdf (117 líneas, 28 conceptos distintos):
    38× REC.MCARD MOD.ACUM.  [-25.95, -2.3, -32.05, -577.69, …]
    20× FCC AQUALI447497-874010012213  [-57.61, -43.19, -55.18, -42.56, …]
    14× ENTREGA CUENTA CRED. TARJ.  [-234.2, -300, -120, -100, …]
    10× CP TENDERI016B9V-004300001200  [-80.26, -80.26, -80.26, -80.26, …]
     4× CUOTA DICIEMBRE PLAN UNI SEGU  [-37.24, -21.97, -40.23, -23.73]
     4× CDAD PROP 01B046-000278300002  [-38, -38, -38, -38]
     2× AYUNTAMIEN591564-000000073937  [-165.85, -165.85]
     2× AYUNTAMIEN591564-000000073938  [-165.85, -165.85]
     2× AYUNTAMIEN591564-000000073939  [-74.36, -74.36]
     2× CUOTA SEPTIEMBRE PLAN UNI SEG  [-40.23, -23.73]
     2× CUOTA NOVIEMBRE PLAN UNI SEGU  [-40.23, -23.73]
     1× CDAD TENDE282654-004300001200  [-80.26]
     1× CAJ. 18.29 C039089L301  [-560]
     1× Regularizaciones  [-600]
     1× AYUNTAMIEN591564-000000059013  [-181.94]
     1× AYUNTAMIEN01886L-000000073938  [-105.58]
     1× AYUNTAMIEN01886L-000000073939  [-47.34]
     1× AYUNTAMIEN01886L-000000059013  [-115.83]
     1× AYUNTAMIEN01886L-000000073937  [-105.58]
     1× Reserva casa  [-518.75]
     1× Cancelación ATG 100 José Anton  [-121]
     1× Certificado energético  [-100]
     1× SOBRANTE CAN PTMO  [403.11]
     1× UNICAJA TRAMITACIONES SA  [121]
     1× Regularización Tenderina 48  [-81.96]
     1× Planchas y  [-800]
     1× FRANCISCO JAVIER RAMOS CALLES  [413.09]
     1× SUSCRIPCI abrdn SICAV I - JAPA  [-1065]
-- sin clasificar · unicaja_xls (37 líneas, 11 conceptos distintos):
     9× REC.MCARD MOD.ACUM.  [-94.9, -183.95, -107, -30, …]
     8× FCC AQUALI447497 874010012213  [-68.71, -42.88, -62.95, -44.07, …]
     8× ENTREGA CUENTA CRED. TARJ.  [-103.12, -460, -120, -180, …]
     4× CDAD PROP 01B046 000278300002  [-38, -38, -38, -38]
     2× CUOTA DICIEMBRE PLAN UNI SEGU  [-23.73, -40.23]
     1× SUSCRIPCI abrdn SICAV I JAPA  [-1065]
     1× FRANCISCO JAVIER RAMOS CALLES  [413.09]
     1× AYUNTAMIEN591564 000000073939  [-74.36]
     1× AYUNTAMIEN591564 000000073938  [-165.85]
     1× AYUNTAMIEN591564 000000073937  [-165.85]
     1× Planchas y  [-800]
